(a) trusted inputs   pass     29.8s  10 files from mathlib-trusted; none differed; .lake cloned
guard: 31s free=18889MB swap_used=21326.56M rss=87MB
    trusted build    pass     13.7s  Challenge, Spec.* (reused from the trusted .lake when unchanged)
guard: 62s free=18888MB swap_used=21737.00M rss=205MB
guard: 93s free=18887MB swap_used=21922.44M rss=484MB
guard: 124s free=17862MB swap_used=22308.69M rss=530MB
guard: 155s free=17862MB swap_used=22962.88M rss=469MB
guard: 186s free=17869MB swap_used=22541.75M rss=4098MB
(b) lake build       pass    153.4s  Proofs.SqMod4 (sandboxed; sorry warnings: 0)
(c) type + axioms    pass      9.3s  sqMod4: [propext, Classical.choice, Quot.sound]; 
guard: 216s free=17855MB swap_used=22229.75M rss=784MB
(d) kernel replay    pass     37.2s  leanchecker Proofs.SqMod4 
(e) SafeVerify       skip      0.1s  GATE_SAFEVERIFY=off
guard: 247s free=17814MB swap_used=22037.75M rss=1474MB
guard: 278s free=19778MB swap_used=20555.38M rss=1114MB
guard: 309s free=19777MB swap_used=20243.38M rss=534MB
guard: 339s free=19777MB swap_used=20362.12M rss=986MB
guard: 370s free=19775MB swap_used=20311.00M rss=763MB
guard: 401s free=19775MB swap_used=20375.19M rss=907MB
guard: 432s free=19773MB swap_used=20256.38M rss=838MB
guard: 462s free=19770MB swap_used=20482.75M rss=950MB
guard: 493s free=19775MB swap_used=20929.69M rss=840MB
guard: 524s free=19779MB swap_used=20808.62M rss=484MB
(e) comparator       pass    299.9s  no landrun (fake-landrun shim; sandboxed by this script)
gate: PASS (with a layer skipped)
exit=0
