[48;5;234m (B[0;1m[38;5;253m[48;5;234mthe plan of ~/graphene-polish(B[0m[48;5;234m[K
[48;5;233m [38;5;253mNothing is planned here yet. Tell your agent what you want, in a paragraph: [39m[K
 [38;5;253mit proposes the tree here. Or :ask <what you want>. ? lists the keys.[39m[K
[K
[K
[K
[K
[K
[K
[K
[K
[K
[K
[K
[K
[K
[K
[K
[K
[K
[K
[K
[48;5;234m [38;5;253myou: 0[38;5;246m · [38;5;253m0 running[38;5;246m · [38;5;253mnone ready[38;5;246m · [38;5;253m0/0 done[38;5;246m · [38;5;253mplan first: off[39m[K
 [38;5;253m:ask what you want[38;5;246m · [38;5;253m? help[38;5;246m · [38;5;253mq quit[39m[K
[49m
