Try this:
  [apply] exact (Nat.minFac_eq_two_iff 4).mp rfl
START warmup/exact?
RESULT warmup/exact? closed 40620 10941
Auto/Baseline.lean:10:8: warning: declaration uses `sorry`
Auto/Baseline.lean:10:8: warning: The declaration 't_root__decide' contains '__', which does not follow the mathlib naming conventions. Consider using single underscores instead.

Note: This linter can be disabled with `set_option linter.style.nameCheck false`
START root/decide
RESULT root/decide failed 42 failed to synthesize
DETAIL root/decide failed to synthesize Decidable (∀ (n : ℕ), ∃ p, n < p ∧ Nat.Prime p ∧ p % 4 = 3)  Hint: Additional diagnostic information may be available using the `set_option diagnostics true` command.
't_root__decide' depends on axioms: [propext, sorryAx]
Auto/Baseline.lean:12:8: warning: declaration uses `sorry`
Auto/Baseline.lean:12:8: warning: The declaration 't_root__norm_num' contains '__', which does not follow the mathlib naming conventions. Consider using single underscores instead.

Note: This linter can be disabled with `set_option linter.style.nameCheck false`
START root/norm_num
RESULT root/norm_num failed 166 goals remain: ⊢ ∀ (n : ℕ), ∃ p, n < p ∧ Nat.Prime p ∧ p % 4 = 3
't_root__norm_num' depends on axioms: [propext, sorryAx]
Auto/Baseline.lean:14:8: warning: declaration uses `sorry`
Auto/Baseline.lean:14:8: warning: The declaration 't_root__simp' contains '__', which does not follow the mathlib naming conventions. Consider using single underscores instead.

Note: This linter can be disabled with `set_option linter.style.nameCheck false`
START root/simp
RESULT root/simp failed 10 `simp` made no progress
DETAIL root/simp `simp` made no progress
't_root__simp' depends on axioms: [propext, sorryAx]
Auto/Baseline.lean:16:8: warning: declaration uses `sorry`
Auto/Baseline.lean:16:8: warning: The declaration 't_root__simp_all' contains '__', which does not follow the mathlib naming conventions. Consider using single underscores instead.

Note: This linter can be disabled with `set_option linter.style.nameCheck false`
START root/simp_all
RESULT root/simp_all failed 7 simp_all made no progress
DETAIL root/simp_all simp_all made no progress
't_root__simp_all' depends on axioms: [propext, sorryAx]
Auto/Baseline.lean:18:8: warning: declaration uses `sorry`
Auto/Baseline.lean:18:8: warning: The declaration 't_root__omega' contains '__', which does not follow the mathlib naming conventions. Consider using single underscores instead.

Note: This linter can be disabled with `set_option linter.style.nameCheck false`
START root/omega
RESULT root/omega failed 4 omega could not prove the goal: No usable constraints found. You may need to unfold definitions so `omega` can see linear arithmetic facts about `Nat` and `Int`, which may also involve multiplication, division, and modular remainder by constants.
DETAIL root/omega omega could not prove the goal: No usable constraints found. You may need to unfold definitions so `omega` can see linear arithmetic facts about `Nat` and `Int`, which may also involve multiplication, division, and modular remainder by constants.
't_root__omega' depends on axioms: [propext, sorryAx]
Auto/Baseline.lean:20:8: warning: declaration uses `sorry`
Auto/Baseline.lean:20:8: warning: The declaration 't_root__aesop' contains '__', which does not follow the mathlib naming conventions. Consider using single underscores instead.

Note: This linter can be disabled with `set_option linter.style.nameCheck false`
START root/aesop
RESULT root/aesop failed 298 goals remain: n : ℕ
't_root__aesop' depends on axioms: [propext, sorryAx]
Auto/Baseline.lean:22:8: warning: declaration uses `sorry`
Auto/Baseline.lean:22:8: warning: The declaration 't_root__exact_' contains '__', which does not follow the mathlib naming conventions. Consider using single underscores instead.

Note: This linter can be disabled with `set_option linter.style.nameCheck false`
START root/exact?
RESULT root/exact? failed 3175 `exact?` could not close the goal. Try `apply?` to see partial suggestions.
DETAIL root/exact? `exact?` could not close the goal. Try `apply?` to see partial suggestions.
't_root__exact_' depends on axioms: [propext, sorryAx]
Auto/Baseline.lean:24:8: warning: declaration uses `sorry`
Auto/Baseline.lean:24:8: warning: The declaration 't_root__grind' contains '__', which does not follow the mathlib naming conventions. Consider using single underscores instead.

Note: This linter can be disabled with `set_option linter.style.nameCheck false`
START root/grind
RESULT root/grind failed 52 `grind` failed
DETAIL root/grind `grind` failed case grind n : ℕ h : ∀ (a : ℕ), a ≤ n ∨ ¬Nat.Prime a ∨ ¬a % 4 = 3 ⊢ False [grind] Goal diagnostics [facts] Asserted facts [prop] ∀ (a : ℕ), a ≤ n ∨ ¬Nat.Prime a ∨ ¬a % 4 = 3 [eqc] True propositions [prop] ∀ (a : ℕ), a ≤ n ∨ ¬Nat.Prime a ∨ ¬a % 4 = 3 [ematch] E-matching patterns [thm] h: [@LE.le `[ℕ] `[instLENat] #0 `[n]] [thm] h: [Nat.Prime #0]
't_root__grind' depends on axioms: [propext, sorryAx]
Auto/Baseline.lean:26:8: warning: declaration uses `sorry`
Auto/Baseline.lean:26:8: warning: The declaration 't_root__grind_suggestions' contains '__', which does not follow the mathlib naming conventions. Consider using single underscores instead.

Note: This linter can be disabled with `set_option linter.style.nameCheck false`
START root/grind+suggestions
RESULT root/grind+suggestions failed 21205 `grind` failed
DETAIL root/grind+suggestions `grind` failed case grind n : ℕ h : ∀ (a : ℕ), a ≤ n ∨ ¬Nat.Prime a ∨ ¬a % 4 = 3 ⊢ False [grind] Goal diagnostics [facts] Asserted facts [prop] ∀ (a : ℕ), a ≤ n ∨ ¬Nat.Prime a ∨ ¬a % 4 = 3 [eqc] True propositions [prop] ∀ (a : ℕ), a ≤ n ∨ ¬Nat.Prime a ∨ ¬a % 4 = 3 [ematch] E-matching patterns [thm] BitVec.umod_eq_of_lt: [@LT.lt (BitVec #3) _ #2 #1] [thm] BitVec.umod_lt: [@LT.lt (BitVec #3) _ (@HMo
't_root__grind_suggestions' depends on axioms: [propext, sorryAx]
Auto/Baseline.lean:28:8: warning: declaration uses `sorry`
Auto/Baseline.lean:28:8: warning: The declaration 't_root__try_' contains '__', which does not follow the mathlib naming conventions. Consider using single underscores instead.

Note: This linter can be disabled with `set_option linter.style.nameCheck false`
START root/try?
RESULT root/try? failed 17513 Tactic `try?` failed: consider using `grind` manually, or `try? +missing` for partial proofs containing `sorry`
DETAIL root/try? Tactic `try?` failed: consider using `grind` manually, or `try? +missing` for partial proofs containing `sorry`  ⊢ ∀ (n : ℕ), ∃ p, n < p ∧ Nat.Prime p ∧ p % 4 = 3
't_root__try_' depends on axioms: [propext, sorryAx]
Auto/Baseline.lean:31:8: warning: declaration uses `sorry`
Auto/Baseline.lean:31:8: warning: The declaration 't_root_set__decide' contains '__', which does not follow the mathlib naming conventions. Consider using single underscores instead.

Note: This linter can be disabled with `set_option linter.style.nameCheck false`
START root_set/decide
RESULT root_set/decide failed 2 failed to synthesize
DETAIL root_set/decide failed to synthesize Decidable {p | Nat.Prime p ∧ p % 4 = 3}.Infinite  Hint: Additional diagnostic information may be available using the `set_option diagnostics true` command.
't_root_set__decide' depends on axioms: [propext, sorryAx]
Auto/Baseline.lean:33:8: warning: declaration uses `sorry`
Auto/Baseline.lean:33:8: warning: The declaration 't_root_set__norm_num' contains '__', which does not follow the mathlib naming conventions. Consider using single underscores instead.

Note: This linter can be disabled with `set_option linter.style.nameCheck false`
START root_set/norm_num
RESULT root_set/norm_num failed 25 goals remain: ⊢ {p | Nat.Prime p ∧ p % 4 = 3}.Infinite
't_root_set__norm_num' depends on axioms: [propext, sorryAx]
Auto/Baseline.lean:35:8: warning: declaration uses `sorry`
Auto/Baseline.lean:35:8: warning: The declaration 't_root_set__simp' contains '__', which does not follow the mathlib naming conventions. Consider using single underscores instead.

Note: This linter can be disabled with `set_option linter.style.nameCheck false`
START root_set/simp
RESULT root_set/simp failed 3 `simp` made no progress
DETAIL root_set/simp `simp` made no progress
't_root_set__simp' depends on axioms: [propext, sorryAx]
Auto/Baseline.lean:37:8: warning: declaration uses `sorry`
Auto/Baseline.lean:37:8: warning: The declaration 't_root_set__simp_all' contains '__', which does not follow the mathlib naming conventions. Consider using single underscores instead.

Note: This linter can be disabled with `set_option linter.style.nameCheck false`
START root_set/simp_all
RESULT root_set/simp_all failed 3 simp_all made no progress
DETAIL root_set/simp_all simp_all made no progress
't_root_set__simp_all' depends on axioms: [propext, sorryAx]
Auto/Baseline.lean:39:8: warning: declaration uses `sorry`
Auto/Baseline.lean:39:8: warning: The declaration 't_root_set__omega' contains '__', which does not follow the mathlib naming conventions. Consider using single underscores instead.

Note: This linter can be disabled with `set_option linter.style.nameCheck false`
START root_set/omega
RESULT root_set/omega failed 5 omega could not prove the goal: No usable constraints found. You may need to unfold definitions so `omega` can see linear arithmetic facts about `Nat` and `Int`, which may also involve multiplication, division, and modular remainder by constants.
DETAIL root_set/omega omega could not prove the goal: No usable constraints found. You may need to unfold definitions so `omega` can see linear arithmetic facts about `Nat` and `Int`, which may also involve multiplication, division, and modular remainder by constants.
't_root_set__omega' depends on axioms: [propext, sorryAx]
Auto/Baseline.lean:41:8: warning: declaration uses `sorry`
Auto/Baseline.lean:41:8: warning: The declaration 't_root_set__aesop' contains '__', which does not follow the mathlib naming conventions. Consider using single underscores instead.

Note: This linter can be disabled with `set_option linter.style.nameCheck false`
START root_set/aesop
RESULT root_set/aesop failed 82 Tactic `aesop` failed, made no progress
DETAIL root_set/aesop Tactic `aesop` failed, made no progress Initial goal: ⊢ {p | Nat.Prime p ∧ p % 4 = 3}.Infinite
't_root_set__aesop' depends on axioms: [propext, sorryAx]
Auto/Baseline.lean:43:8: warning: declaration uses `sorry`
Auto/Baseline.lean:43:8: warning: The declaration 't_root_set__exact_' contains '__', which does not follow the mathlib naming conventions. Consider using single underscores instead.

Note: This linter can be disabled with `set_option linter.style.nameCheck false`
START root_set/exact?
RESULT root_set/exact? failed 401 `exact?` could not close the goal. Try `apply?` to see partial suggestions.
DETAIL root_set/exact? `exact?` could not close the goal. Try `apply?` to see partial suggestions.
't_root_set__exact_' depends on axioms: [propext, sorryAx]
Auto/Baseline.lean:45:8: warning: declaration uses `sorry`
Auto/Baseline.lean:45:8: warning: The declaration 't_root_set__grind' contains '__', which does not follow the mathlib naming conventions. Consider using single underscores instead.

Note: This linter can be disabled with `set_option linter.style.nameCheck false`
START root_set/grind
RESULT root_set/grind failed 477 `grind` failed
DETAIL root_set/grind `grind` failed case grind.1.1.2.1.1 h : ¬{p | Nat.Prime p ∧ p % 4 = 3}.Infinite h_1 : (fun _a => False) = fun p => Nat.Prime p ∧ p % 4 = 3 h_2 : ¬Nat.Prime default h_3 : ¬(fun _a => False) = fun _x => True w : ℕ h_5 : True = (¬Nat.Prime w ∨ ¬w % 4 = 3) h_6 : ¬Nat.Prime w h_7 : w = default ⊢ False [grind] Goal diagnostics [facts] Asserted facts [prop] ¬{p | Nat.Prime p ∧ p % 4 = 3}.Infinite [prop] 
't_root_set__grind' depends on axioms: [propext, sorryAx]
Auto/Baseline.lean:47:8: warning: declaration uses `sorry`
Auto/Baseline.lean:47:8: warning: The declaration 't_root_set__grind_suggestions' contains '__', which does not follow the mathlib naming conventions. Consider using single underscores instead.

Note: This linter can be disabled with `set_option linter.style.nameCheck false`
START root_set/grind+suggestions
RESULT root_set/grind+suggestions failed 5030 `grind` failed
DETAIL root_set/grind+suggestions `grind` failed case grind.1.2.1.1.1.1.2.1.1.1.1.1.1.1.1.1.2.2.1.2.1.1.1.1.2.2.2.1.2 h : ¬{p | Nat.Prime p ∧ p % 4 = 3}.Infinite w : ℕ h_2 : ∀ a ∈ {p | Nat.Prime p ∧ p % 4 = 3}, a ≤ w w_1 : ℕ h_3 : ∀ a ∈ {p | Nat.Prime p ∧ p % 4 = 3}, w_1 ≤ a w_2 : ℕ h_4 : ∀ a ∈ {p | Nat.Prime p ∧ p % 4 = 3}, a ≤ w_2 h_5 : (fun _a => False) = fun p => Nat.Prime p ∧ p % 4 = 3 h_6 : ¬(fun _a => False) = fun _x => Tru
't_root_set__grind_suggestions' depends on axioms: [propext, sorryAx]
Auto/Baseline.lean:49:8: warning: declaration uses `sorry`
Auto/Baseline.lean:49:8: warning: The declaration 't_root_set__try_' contains '__', which does not follow the mathlib naming conventions. Consider using single underscores instead.

Note: This linter can be disabled with `set_option linter.style.nameCheck false`
START root_set/try?
RESULT root_set/try? failed 9505 Tactic `try?` failed: consider using `grind` manually, or `try? +missing` for partial proofs containing `sorry`
DETAIL root_set/try? Tactic `try?` failed: consider using `grind` manually, or `try? +missing` for partial proofs containing `sorry`  ⊢ {p | Nat.Prime p ∧ p % 4 = 3}.Infinite
't_root_set__try_' depends on axioms: [propext, sorryAx]
Auto/Baseline.lean:52:8: warning: declaration uses `sorry`
Auto/Baseline.lean:52:8: warning: The declaration 't_prime_mod_four__decide' contains '__', which does not follow the mathlib naming conventions. Consider using single underscores instead.

Note: This linter can be disabled with `set_option linter.style.nameCheck false`
START prime_mod_four/decide
RESULT prime_mod_four/decide failed 4 failed to synthesize
DETAIL prime_mod_four/decide failed to synthesize Decidable (∀ (p : ℕ), Nat.Prime p → p ≠ 2 → p % 4 = 1 ∨ p % 4 = 3)  Hint: Additional diagnostic information may be available using the `set_option diagnostics true` command.
't_prime_mod_four__decide' depends on axioms: [propext, sorryAx]
Auto/Baseline.lean:54:8: warning: declaration uses `sorry`
Auto/Baseline.lean:54:8: warning: The declaration 't_prime_mod_four__norm_num' contains '__', which does not follow the mathlib naming conventions. Consider using single underscores instead.

Note: This linter can be disabled with `set_option linter.style.nameCheck false`
START prime_mod_four/norm_num
RESULT prime_mod_four/norm_num failed 41 goals remain: ⊢ ∀ (p : ℕ), Nat.Prime p → ¬p = 2 → p % 4 = 1 ∨ p % 4 = 3
't_prime_mod_four__norm_num' depends on axioms: [propext, sorryAx]
Auto/Baseline.lean:56:8: warning: declaration uses `sorry`
Auto/Baseline.lean:56:8: warning: The declaration 't_prime_mod_four__simp' contains '__', which does not follow the mathlib naming conventions. Consider using single underscores instead.

Note: This linter can be disabled with `set_option linter.style.nameCheck false`
START prime_mod_four/simp
RESULT prime_mod_four/simp failed 11 goals remain: ⊢ ∀ (p : ℕ), Nat.Prime p → ¬p = 2 → p % 4 = 1 ∨ p % 4 = 3
't_prime_mod_four__simp' depends on axioms: [propext, sorryAx]
Auto/Baseline.lean:58:8: warning: declaration uses `sorry`
Auto/Baseline.lean:58:8: warning: The declaration 't_prime_mod_four__simp_all' contains '__', which does not follow the mathlib naming conventions. Consider using single underscores instead.

Note: This linter can be disabled with `set_option linter.style.nameCheck false`
START prime_mod_four/simp_all
RESULT prime_mod_four/simp_all failed 57 goals remain: ⊢ ∀ (p : ℕ), Nat.Prime p → ¬p = 2 → p % 4 = 1 ∨ p % 4 = 3
't_prime_mod_four__simp_all' depends on axioms: [propext, sorryAx]
Auto/Baseline.lean:60:8: warning: declaration uses `sorry`
Auto/Baseline.lean:60:8: warning: The declaration 't_prime_mod_four__omega' contains '__', which does not follow the mathlib naming conventions. Consider using single underscores instead.

Note: This linter can be disabled with `set_option linter.style.nameCheck false`
START prime_mod_four/omega
RESULT prime_mod_four/omega failed 9 omega could not prove the goal: No usable constraints found. You may need to unfold definitions so `omega` can see linear arithmetic facts about `Nat` and `Int`, which may also involve multiplication, division, and modular remainder by constants.
DETAIL prime_mod_four/omega omega could not prove the goal: No usable constraints found. You may need to unfold definitions so `omega` can see linear arithmetic facts about `Nat` and `Int`, which may also involve multiplication, division, and modular remainder by constants.
't_prime_mod_four__omega' depends on axioms: [propext, sorryAx]
Auto/Baseline.lean:62:8: warning: declaration uses `sorry`
Auto/Baseline.lean:62:8: warning: The declaration 't_prime_mod_four__aesop' contains '__', which does not follow the mathlib naming conventions. Consider using single underscores instead.

Note: This linter can be disabled with `set_option linter.style.nameCheck false`
START prime_mod_four/aesop
RESULT prime_mod_four/aesop failed 50 goals remain: p : ℕ
't_prime_mod_four__aesop' depends on axioms: [propext, sorryAx]
Auto/Baseline.lean:64:8: warning: declaration uses `sorry`
Auto/Baseline.lean:64:8: warning: The declaration 't_prime_mod_four__exact_' contains '__', which does not follow the mathlib naming conventions. Consider using single underscores instead.

Note: This linter can be disabled with `set_option linter.style.nameCheck false`
START prime_mod_four/exact?
RESULT prime_mod_four/exact? failed 669 `exact?` could not close the goal. Try `apply?` to see partial suggestions.
DETAIL prime_mod_four/exact? `exact?` could not close the goal. Try `apply?` to see partial suggestions.
't_prime_mod_four__exact_' depends on axioms: [propext, sorryAx]
Auto/Baseline.lean:66:8: warning: declaration uses `sorry`
Auto/Baseline.lean:66:8: warning: The declaration 't_prime_mod_four__grind' contains '__', which does not follow the mathlib naming conventions. Consider using single underscores instead.

Note: This linter can be disabled with `set_option linter.style.nameCheck false`
START prime_mod_four/grind
RESULT prime_mod_four/grind failed 159 `grind` failed
DETAIL prime_mod_four/grind `grind` failed case grind p : ℕ h : Nat.Prime p h_1 : ¬p = 2 left : ¬p % 4 = 1 right : ¬p % 4 = 3 ⊢ False [grind] Goal diagnostics [facts] Asserted facts [prop] Nat.Prime p [prop] ¬p = 2 [prop] ¬p % 4 = 1 [prop] ↑p % 4 + -3 ≤ 0 [prop] -1 * (↑p % 4) ≤ 0 [prop] -1 * ↑p + 4 * (↑p / 4) + ↑p % 4 = 0 [prop] ¬p % 4 = 3 [prop] ↑(p % 4) = ↑p [eqc] True propositions [prop] Nat.Prime p [prop] ↑p % 4 + -3 ≤ 0
't_prime_mod_four__grind' depends on axioms: [propext, sorryAx]
Auto/Baseline.lean:68:8: warning: declaration uses `sorry`
Auto/Baseline.lean:68:8: warning: The declaration 't_prime_mod_four__grind_suggestions' contains '__', which does not follow the mathlib naming conventions. Consider using single underscores instead.

Note: This linter can be disabled with `set_option linter.style.nameCheck false`
START prime_mod_four/grind+suggestions
RESULT prime_mod_four/grind+suggestions failed 3226 `grind` failed
DETAIL prime_mod_four/grind+suggestions `grind` failed case grind.1.1 p : ℕ h : Nat.Prime p h_1 : ¬p = 2 left : ¬p % 4 = 1 right : ¬p % 4 = 3 h_3 : ↑p % 4 % 4 = 0 left_1 : ↑p + -1 * (↑p % 4) + -4 = 0 left_2 : (↑p + -4) / 4 = ↑p % 4 / 4 right_2 : (↑p + -4) % 4 = ↑p % 4 % 4 ⊢ False [grind] Goal diagnostics [facts] Asserted facts [prop] Nat.Prime p [prop] ¬p = 2 [prop] ¬p % 4 = 1 [prop] ↑p % 4 + -3 ≤ 0 [prop] -1 * (↑p % 4) ≤ 0 [prop] -1 * 
't_prime_mod_four__grind_suggestions' depends on axioms: [propext, sorryAx]
Auto/Baseline.lean:70:8: warning: declaration uses `sorry`
Auto/Baseline.lean:70:8: warning: The declaration 't_prime_mod_four__try_' contains '__', which does not follow the mathlib naming conventions. Consider using single underscores instead.

Note: This linter can be disabled with `set_option linter.style.nameCheck false`
START prime_mod_four/try?
RESULT prime_mod_four/try? failed 16772 Tactic `try?` failed: consider using `grind` manually, or `try? +missing` for partial proofs containing `sorry`
DETAIL prime_mod_four/try? Tactic `try?` failed: consider using `grind` manually, or `try? +missing` for partial proofs containing `sorry`  ⊢ ∀ (p : ℕ), Nat.Prime p → p ≠ 2 → p % 4 = 1 ∨ p % 4 = 3
't_prime_mod_four__try_' depends on axioms: [propext, sorryAx]
Auto/Baseline.lean:73:8: warning: declaration uses `sorry`
Auto/Baseline.lean:73:8: warning: The declaration 't_mul_one_mod_four__decide' contains '__', which does not follow the mathlib naming conventions. Consider using single underscores instead.

Note: This linter can be disabled with `set_option linter.style.nameCheck false`
START mul_one_mod_four/decide
RESULT mul_one_mod_four/decide failed 12 failed to synthesize
DETAIL mul_one_mod_four/decide failed to synthesize Decidable (∀ (a b : ℕ), a % 4 = 1 → a * b % 4 = b % 4)  Hint: Additional diagnostic information may be available using the `set_option diagnostics true` command.
't_mul_one_mod_four__decide' depends on axioms: [sorryAx]
Auto/Baseline.lean:75:8: warning: declaration uses `sorry`
Auto/Baseline.lean:75:8: warning: The declaration 't_mul_one_mod_four__norm_num' contains '__', which does not follow the mathlib naming conventions. Consider using single underscores instead.

Note: This linter can be disabled with `set_option linter.style.nameCheck false`
START mul_one_mod_four/norm_num
RESULT mul_one_mod_four/norm_num failed 25 goals remain: ⊢ ∀ (a b : ℕ), a % 4 = 1 → a * b % 4 = b % 4
't_mul_one_mod_four__norm_num' depends on axioms: [sorryAx]
Auto/Baseline.lean:77:8: warning: declaration uses `sorry`
Auto/Baseline.lean:77:8: warning: The declaration 't_mul_one_mod_four__simp' contains '__', which does not follow the mathlib naming conventions. Consider using single underscores instead.

Note: This linter can be disabled with `set_option linter.style.nameCheck false`
START mul_one_mod_four/simp
RESULT mul_one_mod_four/simp failed 7 `simp` made no progress
DETAIL mul_one_mod_four/simp `simp` made no progress
't_mul_one_mod_four__simp' depends on axioms: [sorryAx]
Auto/Baseline.lean:79:8: warning: declaration uses `sorry`
Auto/Baseline.lean:79:8: warning: The declaration 't_mul_one_mod_four__simp_all' contains '__', which does not follow the mathlib naming conventions. Consider using single underscores instead.

Note: This linter can be disabled with `set_option linter.style.nameCheck false`
START mul_one_mod_four/simp_all
RESULT mul_one_mod_four/simp_all failed 9 simp_all made no progress
DETAIL mul_one_mod_four/simp_all simp_all made no progress
't_mul_one_mod_four__simp_all' depends on axioms: [sorryAx]
Auto/Baseline.lean:81:8: warning: declaration uses `sorry`
Auto/Baseline.lean:81:8: warning: The declaration 't_mul_one_mod_four__omega' contains '__', which does not follow the mathlib naming conventions. Consider using single underscores instead.

Note: This linter can be disabled with `set_option linter.style.nameCheck false`
START mul_one_mod_four/omega
RESULT mul_one_mod_four/omega failed 16 omega could not prove the goal: a possible counterexample may satisfy the constraints
DETAIL mul_one_mod_four/omega omega could not prove the goal: a possible counterexample may satisfy the constraints f ≥ 0 0 ≤ f - 4*g ≤ 3 d ≥ 0 0 ≤ d - 4*e ≤ 3 d - 4*e - f + 4*g ≥ 1 c ≥ 0 where c := ↑a / 4 d := ↑b e := ↑b / 4 f := ↑a * ↑b g := ↑(a * b) / 4
't_mul_one_mod_four__omega' depends on axioms: [sorryAx]
Auto/Baseline.lean:83:8: warning: declaration uses `sorry`
Auto/Baseline.lean:83:8: warning: The declaration 't_mul_one_mod_four__aesop' contains '__', which does not follow the mathlib naming conventions. Consider using single underscores instead.

Note: This linter can be disabled with `set_option linter.style.nameCheck false`
START mul_one_mod_four/aesop
RESULT mul_one_mod_four/aesop failed 24 goals remain: a b : ℕ
't_mul_one_mod_four__aesop' depends on axioms: [sorryAx]
Auto/Baseline.lean:85:8: warning: declaration uses `sorry`
Auto/Baseline.lean:85:8: warning: The declaration 't_mul_one_mod_four__exact_' contains '__', which does not follow the mathlib naming conventions. Consider using single underscores instead.

Note: This linter can be disabled with `set_option linter.style.nameCheck false`
START mul_one_mod_four/exact?
RESULT mul_one_mod_four/exact? failed 6659 `exact?` could not close the goal. Try `apply?` to see partial suggestions.
DETAIL mul_one_mod_four/exact? `exact?` could not close the goal. Try `apply?` to see partial suggestions.
't_mul_one_mod_four__exact_' depends on axioms: [sorryAx]
Auto/Baseline.lean:87:8: warning: declaration uses `sorry`
Auto/Baseline.lean:87:8: warning: The declaration 't_mul_one_mod_four__grind' contains '__', which does not follow the mathlib naming conventions. Consider using single underscores instead.

Note: This linter can be disabled with `set_option linter.style.nameCheck false`
START mul_one_mod_four/grind
RESULT mul_one_mod_four/grind failed 372 `grind` failed
DETAIL mul_one_mod_four/grind `grind` failed case grind.1 a b : ℕ h : a % 4 = 1 h_1 : ¬a * b % 4 = b % 4 h_2 : a = a * b ⊢ False [grind] Goal diagnostics [facts] Asserted facts [prop] a % 4 = 1 [prop] ↑a % 4 + -3 ≤ 0 [prop] -1 * (↑a % 4) ≤ 0 [prop] -1 * ↑a + 4 * (↑a / 4) + ↑a % 4 = 0 [prop] ¬a * b % 4 = b % 4 [prop] ↑b % 4 + -3 ≤ 0 [prop] -1 * (↑b % 4) ≤ 0 [prop] -1 * ↑b + 4 * (↑b / 4) + ↑b % 4 = 0 [prop] ↑a * ↑b % 4 + -3 ≤ 0 
't_mul_one_mod_four__grind' depends on axioms: [sorryAx]
Auto/Baseline.lean:89:8: warning: The declaration 't_mul_one_mod_four__grind_suggestions' contains '__', which does not follow the mathlib naming conventions. Consider using single underscores instead.

Note: This linter can be disabled with `set_option linter.style.nameCheck false`
START mul_one_mod_four/grind+suggestions
RESULT mul_one_mod_four/grind+suggestions closed 577 5409
't_mul_one_mod_four__grind_suggestions' depends on axioms: [propext, Classical.choice, Quot.sound]
Try these:
  [apply] grind only [Int.mul_emod]
  [apply] grind =>
    instantiate only [Int.mul_emod]
    lia
Auto/Baseline.lean:91:8: warning: The declaration 't_mul_one_mod_four__try_' contains '__', which does not follow the mathlib naming conventions. Consider using single underscores instead.

Note: This linter can be disabled with `set_option linter.style.nameCheck false`
START mul_one_mod_four/try?
RESULT mul_one_mod_four/try? closed 1491 1162
't_mul_one_mod_four__try_' depends on axioms: [propext, Classical.choice, Quot.sound]
Auto/Baseline.lean:94:8: warning: declaration uses `sorry`
Auto/Baseline.lean:94:8: warning: The declaration 't_factor_three_mod_four__decide' contains '__', which does not follow the mathlib naming conventions. Consider using single underscores instead.

Note: This linter can be disabled with `set_option linter.style.nameCheck false`
START factor_three_mod_four/decide
RESULT factor_three_mod_four/decide failed 6 failed to synthesize
DETAIL factor_three_mod_four/decide failed to synthesize Decidable (∀ (n : ℕ), n % 4 = 3 → ∃ p, Nat.Prime p ∧ p ∣ n ∧ p % 4 = 3)  Hint: Additional diagnostic information may be available using the `set_option diagnostics true` command.
't_factor_three_mod_four__decide' depends on axioms: [propext, sorryAx]
Auto/Baseline.lean:96:8: warning: declaration uses `sorry`
Auto/Baseline.lean:96:8: warning: The declaration 't_factor_three_mod_four__norm_num' contains '__', which does not follow the mathlib naming conventions. Consider using single underscores instead.

Note: This linter can be disabled with `set_option linter.style.nameCheck false`
START factor_three_mod_four/norm_num
RESULT factor_three_mod_four/norm_num failed 27 goals remain: h0 : ∀ (p : ℕ), Nat.Prime p → p ≠ 2 → p % 4 = 1 ∨ p % 4 = 3
't_factor_three_mod_four__norm_num' depends on axioms: [propext, sorryAx]
Auto/Baseline.lean:98:8: warning: declaration uses `sorry`
Auto/Baseline.lean:98:8: warning: The declaration 't_factor_three_mod_four__simp' contains '__', which does not follow the mathlib naming conventions. Consider using single underscores instead.

Note: This linter can be disabled with `set_option linter.style.nameCheck false`
START factor_three_mod_four/simp
RESULT factor_three_mod_four/simp failed 9 `simp` made no progress
DETAIL factor_three_mod_four/simp `simp` made no progress
't_factor_three_mod_four__simp' depends on axioms: [propext, sorryAx]
Auto/Baseline.lean:100:8: warning: declaration uses `sorry`
Auto/Baseline.lean:100:8: warning: The declaration 't_factor_three_mod_four__simp_all' contains '__', which does not follow the mathlib naming conventions. Consider using single underscores instead.

Note: This linter can be disabled with `set_option linter.style.nameCheck false`
START factor_three_mod_four/simp_all
RESULT factor_three_mod_four/simp_all failed 88 goals remain: h0 : ∀ (p : ℕ), Nat.Prime p → ¬p = 2 → p % 4 = 1 ∨ p % 4 = 3
't_factor_three_mod_four__simp_all' depends on axioms: [propext, sorryAx]
Auto/Baseline.lean:102:8: warning: declaration uses `sorry`
Auto/Baseline.lean:102:8: warning: The declaration 't_factor_three_mod_four__omega' contains '__', which does not follow the mathlib naming conventions. Consider using single underscores instead.

Note: This linter can be disabled with `set_option linter.style.nameCheck false`
START factor_three_mod_four/omega
RESULT factor_three_mod_four/omega failed 4 omega could not prove the goal: a possible counterexample may satisfy the constraints
DETAIL factor_three_mod_four/omega omega could not prove the goal: a possible counterexample may satisfy the constraints a ≥ 0 where a := ↑n / 4
't_factor_three_mod_four__omega' depends on axioms: [propext, sorryAx]
Auto/Baseline.lean:104:8: warning: declaration uses `sorry`
Auto/Baseline.lean:104:8: warning: The declaration 't_factor_three_mod_four__aesop' contains '__', which does not follow the mathlib naming conventions. Consider using single underscores instead.

Note: This linter can be disabled with `set_option linter.style.nameCheck false`
START factor_three_mod_four/aesop
RESULT factor_three_mod_four/aesop failed 322 goals remain: n : ℕ
't_factor_three_mod_four__aesop' depends on axioms: [propext, sorryAx]
Auto/Baseline.lean:106:8: warning: declaration uses `sorry`
Auto/Baseline.lean:106:8: warning: The declaration 't_factor_three_mod_four__exact_' contains '__', which does not follow the mathlib naming conventions. Consider using single underscores instead.

Note: This linter can be disabled with `set_option linter.style.nameCheck false`
START factor_three_mod_four/exact?
RESULT factor_three_mod_four/exact? failed 4723 `exact?` could not close the goal. Try `apply?` to see partial suggestions.
DETAIL factor_three_mod_four/exact? `exact?` could not close the goal. Try `apply?` to see partial suggestions.
't_factor_three_mod_four__exact_' depends on axioms: [propext, sorryAx]
Auto/Baseline.lean:108:8: warning: declaration uses `sorry`
Auto/Baseline.lean:108:8: warning: The declaration 't_factor_three_mod_four__grind' contains '__', which does not follow the mathlib naming conventions. Consider using single underscores instead.

Note: This linter can be disabled with `set_option linter.style.nameCheck false`
START factor_three_mod_four/grind
RESULT factor_three_mod_four/grind failed 431 `grind` failed
DETAIL factor_three_mod_four/grind `grind` failed case grind h0 : ∀ (p : ℕ), Nat.Prime p → p ≠ 2 → p % 4 = 1 ∨ p % 4 = 3 h1 : ∀ (a b : ℕ), a % 4 = 1 → a * b % 4 = b % 4 n : ℕ h : n % 4 = 3 h_1 : ∀ (a : ℕ), Nat.Prime a → a ∣ n → ¬a % 4 = 3 ⊢ False [grind] Goal diagnostics [facts] Asserted facts [prop] ∀ (p : ℕ), Nat.Prime p → ¬p = 2 → p % 4 = 1 ∨ p % 4 = 3 [prop] ∀ (a b : ℕ), a % 4 = 1 → a * b % 4 = b % 4 [prop] n % 4 = 3 [prop] ↑n 
't_factor_three_mod_four__grind' depends on axioms: [propext, sorryAx]
START factor_three_mod_four/grind+suggestions
Auto/Baseline.lean:111:14: error(lean.unknownIdentifier): Unknown constant `t_factor_three_mod_four__grind_suggestions`
START factor_three_mod_four/try?
Auto/Baseline.lean:113:14: error(lean.unknownIdentifier): Unknown constant `t_factor_three_mod_four__try_`
Auto/Baseline.lean:115:8: warning: declaration uses `sorry`
Auto/Baseline.lean:115:8: warning: The declaration 't_factor_three_mod_four_bare__decide' contains '__', which does not follow the mathlib naming conventions. Consider using single underscores instead.

Note: This linter can be disabled with `set_option linter.style.nameCheck false`
START factor_three_mod_four_bare/decide
RESULT factor_three_mod_four_bare/decide failed 110 failed to synthesize
DETAIL factor_three_mod_four_bare/decide failed to synthesize Decidable (∀ (n : ℕ), n % 4 = 3 → ∃ p, Nat.Prime p ∧ p ∣ n ∧ p % 4 = 3)  Hint: Additional diagnostic information may be available using the `set_option diagnostics true` command.
't_factor_three_mod_four_bare__decide' depends on axioms: [propext, sorryAx]
Auto/Baseline.lean:117:8: warning: declaration uses `sorry`
Auto/Baseline.lean:117:8: warning: The declaration 't_factor_three_mod_four_bare__norm_num' contains '__', which does not follow the mathlib naming conventions. Consider using single underscores instead.

Note: This linter can be disabled with `set_option linter.style.nameCheck false`
START factor_three_mod_four_bare/norm_num
RESULT factor_three_mod_four_bare/norm_num failed 347 goals remain: ⊢ ∀ (n : ℕ), n % 4 = 3 → ∃ p, Nat.Prime p ∧ p ∣ n ∧ p % 4 = 3
't_factor_three_mod_four_bare__norm_num' depends on axioms: [propext, sorryAx]
Auto/Baseline.lean:119:8: warning: declaration uses `sorry`
Auto/Baseline.lean:119:8: warning: The declaration 't_factor_three_mod_four_bare__simp' contains '__', which does not follow the mathlib naming conventions. Consider using single underscores instead.

Note: This linter can be disabled with `set_option linter.style.nameCheck false`
START factor_three_mod_four_bare/simp
RESULT factor_three_mod_four_bare/simp failed 44 `simp` made no progress
DETAIL factor_three_mod_four_bare/simp `simp` made no progress
't_factor_three_mod_four_bare__simp' depends on axioms: [propext, sorryAx]
Auto/Baseline.lean:121:8: warning: declaration uses `sorry`
Auto/Baseline.lean:121:8: warning: The declaration 't_factor_three_mod_four_bare__simp_all' contains '__', which does not follow the mathlib naming conventions. Consider using single underscores instead.

Note: This linter can be disabled with `set_option linter.style.nameCheck false`
START factor_three_mod_four_bare/simp_all
RESULT factor_three_mod_four_bare/simp_all failed 38 simp_all made no progress
DETAIL factor_three_mod_four_bare/simp_all simp_all made no progress
't_factor_three_mod_four_bare__simp_all' depends on axioms: [propext, sorryAx]
Auto/Baseline.lean:123:8: warning: declaration uses `sorry`
Auto/Baseline.lean:123:8: warning: The declaration 't_factor_three_mod_four_bare__omega' contains '__', which does not follow the mathlib naming conventions. Consider using single underscores instead.

Note: This linter can be disabled with `set_option linter.style.nameCheck false`
START factor_three_mod_four_bare/omega
RESULT factor_three_mod_four_bare/omega failed 40 omega could not prove the goal: a possible counterexample may satisfy the constraints
DETAIL factor_three_mod_four_bare/omega omega could not prove the goal: a possible counterexample may satisfy the constraints a ≥ 0 where a := ↑n / 4
't_factor_three_mod_four_bare__omega' depends on axioms: [propext, sorryAx]
Auto/Baseline.lean:125:8: warning: declaration uses `sorry`
Auto/Baseline.lean:125:8: warning: The declaration 't_factor_three_mod_four_bare__aesop' contains '__', which does not follow the mathlib naming conventions. Consider using single underscores instead.

Note: This linter can be disabled with `set_option linter.style.nameCheck false`
START factor_three_mod_four_bare/aesop
RESULT factor_three_mod_four_bare/aesop failed 643 goals remain: n : ℕ
't_factor_three_mod_four_bare__aesop' depends on axioms: [propext, sorryAx]
Auto/Baseline.lean:127:8: warning: declaration uses `sorry`
Auto/Baseline.lean:127:8: warning: The declaration 't_factor_three_mod_four_bare__exact_' contains '__', which does not follow the mathlib naming conventions. Consider using single underscores instead.

Note: This linter can be disabled with `set_option linter.style.nameCheck false`
START factor_three_mod_four_bare/exact?
RESULT factor_three_mod_four_bare/exact? failed 6526 `exact?` could not close the goal. Try `apply?` to see partial suggestions.
DETAIL factor_three_mod_four_bare/exact? `exact?` could not close the goal. Try `apply?` to see partial suggestions.
't_factor_three_mod_four_bare__exact_' depends on axioms: [propext, sorryAx]
Auto/Baseline.lean:129:8: warning: declaration uses `sorry`
Auto/Baseline.lean:129:8: warning: The declaration 't_factor_three_mod_four_bare__grind' contains '__', which does not follow the mathlib naming conventions. Consider using single underscores instead.

Note: This linter can be disabled with `set_option linter.style.nameCheck false`
START factor_three_mod_four_bare/grind
RESULT factor_three_mod_four_bare/grind failed 418 `grind` failed
DETAIL factor_three_mod_four_bare/grind `grind` failed case grind n : ℕ h : n % 4 = 3 h_1 : ∀ (a : ℕ), Nat.Prime a → a ∣ n → ¬a % 4 = 3 ⊢ False [grind] Goal diagnostics [facts] Asserted facts [prop] n % 4 = 3 [prop] ↑n % 4 + -3 ≤ 0 [prop] -1 * (↑n % 4) ≤ 0 [prop] -1 * ↑n + 4 * (↑n / 4) + ↑n % 4 = 0 [prop] ∀ (a : ℕ), Nat.Prime a → a ∣ n → ¬a % 4 = 3 [prop] ↑(n % 4) = ↑n [eqc] True propositions [prop] ↑n % 4 + -3 ≤ 0 [prop] -1 * (↑n % 4) 
't_factor_three_mod_four_bare__grind' depends on axioms: [propext, sorryAx]
START factor_three_mod_four_bare/grind+suggestions
Auto/Baseline.lean:132:14: error(lean.unknownIdentifier): Unknown constant `t_factor_three_mod_four_bare__grind_suggestions`
START factor_three_mod_four_bare/try?
Auto/Baseline.lean:134:14: error(lean.unknownIdentifier): Unknown constant `t_factor_three_mod_four_bare__try_`
Auto/Baseline.lean:136:8: warning: declaration uses `sorry`
Auto/Baseline.lean:136:8: warning: The declaration 't_euclid_mod_four__decide' contains '__', which does not follow the mathlib naming conventions. Consider using single underscores instead.

Note: This linter can be disabled with `set_option linter.style.nameCheck false`
START euclid_mod_four/decide
RESULT euclid_mod_four/decide failed 28 failed to synthesize
DETAIL euclid_mod_four/decide failed to synthesize Decidable (∀ (P : ℕ), 0 < P → (4 * P - 1) % 4 = 3)  Hint: Additional diagnostic information may be available using the `set_option diagnostics true` command.
't_euclid_mod_four__decide' depends on axioms: [sorryAx]
Auto/Baseline.lean:138:8: warning: declaration uses `sorry`
Auto/Baseline.lean:138:8: warning: The declaration 't_euclid_mod_four__norm_num' contains '__', which does not follow the mathlib naming conventions. Consider using single underscores instead.

Note: This linter can be disabled with `set_option linter.style.nameCheck false`
START euclid_mod_four/norm_num
RESULT euclid_mod_four/norm_num failed 382 goals remain: ⊢ ∀ (P : ℕ), 0 < P → (4 * P - 1) % 4 = 3
't_euclid_mod_four__norm_num' depends on axioms: [sorryAx]
Auto/Baseline.lean:140:8: warning: declaration uses `sorry`
Auto/Baseline.lean:140:8: warning: The declaration 't_euclid_mod_four__simp' contains '__', which does not follow the mathlib naming conventions. Consider using single underscores instead.

Note: This linter can be disabled with `set_option linter.style.nameCheck false`
START euclid_mod_four/simp
RESULT euclid_mod_four/simp failed 35 `simp` made no progress
DETAIL euclid_mod_four/simp `simp` made no progress
't_euclid_mod_four__simp' depends on axioms: [sorryAx]
Auto/Baseline.lean:142:8: warning: declaration uses `sorry`
Auto/Baseline.lean:142:8: warning: The declaration 't_euclid_mod_four__simp_all' contains '__', which does not follow the mathlib naming conventions. Consider using single underscores instead.

Note: This linter can be disabled with `set_option linter.style.nameCheck false`
START euclid_mod_four/simp_all
RESULT euclid_mod_four/simp_all failed 45 simp_all made no progress
DETAIL euclid_mod_four/simp_all simp_all made no progress
't_euclid_mod_four__simp_all' depends on axioms: [sorryAx]
Auto/Baseline.lean:144:8: warning: The declaration 't_euclid_mod_four__omega' contains '__', which does not follow the mathlib naming conventions. Consider using single underscores instead.

Note: This linter can be disabled with `set_option linter.style.nameCheck false`
START euclid_mod_four/omega
RESULT euclid_mod_four/omega closed 82 300
't_euclid_mod_four__omega' depends on axioms: [propext, Quot.sound]
Auto/Baseline.lean:146:8: warning: declaration uses `sorry`
Auto/Baseline.lean:146:8: warning: The declaration 't_euclid_mod_four__aesop' contains '__', which does not follow the mathlib naming conventions. Consider using single underscores instead.

Note: This linter can be disabled with `set_option linter.style.nameCheck false`
START euclid_mod_four/aesop
RESULT euclid_mod_four/aesop failed 299 goals remain: P : ℕ
't_euclid_mod_four__aesop' depends on axioms: [sorryAx]
Auto/Baseline.lean:148:8: warning: declaration uses `sorry`
Auto/Baseline.lean:148:8: warning: The declaration 't_euclid_mod_four__exact_' contains '__', which does not follow the mathlib naming conventions. Consider using single underscores instead.

Note: This linter can be disabled with `set_option linter.style.nameCheck false`
START euclid_mod_four/exact?
RESULT euclid_mod_four/exact? failed 2598 `exact?` could not close the goal. Try `apply?` to see partial suggestions.
DETAIL euclid_mod_four/exact? `exact?` could not close the goal. Try `apply?` to see partial suggestions.
't_euclid_mod_four__exact_' depends on axioms: [sorryAx]
Auto/Baseline.lean:150:8: warning: The declaration 't_euclid_mod_four__grind' contains '__', which does not follow the mathlib naming conventions. Consider using single underscores instead.

Note: This linter can be disabled with `set_option linter.style.nameCheck false`
START euclid_mod_four/grind
RESULT euclid_mod_four/grind closed 176 298
't_euclid_mod_four__grind' depends on axioms: [propext, Classical.choice, Quot.sound]
Auto/Baseline.lean:152:8: warning: The declaration 't_euclid_mod_four__grind_suggestions' contains '__', which does not follow the mathlib naming conventions. Consider using single underscores instead.

Note: This linter can be disabled with `set_option linter.style.nameCheck false`
START euclid_mod_four/grind+suggestions
RESULT euclid_mod_four/grind+suggestions closed 451 1911
't_euclid_mod_four__grind_suggestions' depends on axioms: [propext, Classical.choice, Quot.sound]
Try these:
  [apply] grind
  [apply] grind only
  [apply] grind => lia
Auto/Baseline.lean:154:8: warning: The declaration 't_euclid_mod_four__try_' contains '__', which does not follow the mathlib naming conventions. Consider using single underscores instead.

Note: This linter can be disabled with `set_option linter.style.nameCheck false`
START euclid_mod_four/try?
RESULT euclid_mod_four/try? closed 1456 2264
't_euclid_mod_four__try_' depends on axioms: [propext, Classical.choice, Quot.sound]
Auto/Baseline.lean:157:8: warning: declaration uses `sorry`
Auto/Baseline.lean:157:8: warning: The declaration 't_not_dvd_euclid__decide' contains '__', which does not follow the mathlib naming conventions. Consider using single underscores instead.

Note: This linter can be disabled with `set_option linter.style.nameCheck false`
START not_dvd_euclid/decide
RESULT not_dvd_euclid/decide failed 18 failed to synthesize
DETAIL not_dvd_euclid/decide failed to synthesize Decidable (∀ (P p : ℕ), 0 < P → Nat.Prime p → p ∣ P → ¬p ∣ 4 * P - 1)  Hint: Additional diagnostic information may be available using the `set_option diagnostics true` command.
't_not_dvd_euclid__decide' depends on axioms: [propext, sorryAx]
Auto/Baseline.lean:159:8: warning: declaration uses `sorry`
Auto/Baseline.lean:159:8: warning: The declaration 't_not_dvd_euclid__norm_num' contains '__', which does not follow the mathlib naming conventions. Consider using single underscores instead.

Note: This linter can be disabled with `set_option linter.style.nameCheck false`
START not_dvd_euclid/norm_num
RESULT not_dvd_euclid/norm_num failed 51 goals remain: ⊢ ∀ (P p : ℕ), 0 < P → Nat.Prime p → p ∣ P → ¬p ∣ 4 * P - 1
't_not_dvd_euclid__norm_num' depends on axioms: [propext, sorryAx]
Auto/Baseline.lean:161:8: warning: declaration uses `sorry`
Auto/Baseline.lean:161:8: warning: The declaration 't_not_dvd_euclid__simp' contains '__', which does not follow the mathlib naming conventions. Consider using single underscores instead.

Note: This linter can be disabled with `set_option linter.style.nameCheck false`
START not_dvd_euclid/simp
RESULT not_dvd_euclid/simp failed 28 `simp` made no progress
DETAIL not_dvd_euclid/simp `simp` made no progress
't_not_dvd_euclid__simp' depends on axioms: [propext, sorryAx]
Auto/Baseline.lean:163:8: warning: declaration uses `sorry`
Auto/Baseline.lean:163:8: warning: The declaration 't_not_dvd_euclid__simp_all' contains '__', which does not follow the mathlib naming conventions. Consider using single underscores instead.

Note: This linter can be disabled with `set_option linter.style.nameCheck false`
START not_dvd_euclid/simp_all
RESULT not_dvd_euclid/simp_all failed 31 simp_all made no progress
DETAIL not_dvd_euclid/simp_all simp_all made no progress
't_not_dvd_euclid__simp_all' depends on axioms: [propext, sorryAx]
Auto/Baseline.lean:165:8: warning: declaration uses `sorry`
Auto/Baseline.lean:165:8: warning: The declaration 't_not_dvd_euclid__omega' contains '__', which does not follow the mathlib naming conventions. Consider using single underscores instead.

Note: This linter can be disabled with `set_option linter.style.nameCheck false`
START not_dvd_euclid/omega
RESULT not_dvd_euclid/omega failed 1 omega could not prove the goal: a possible counterexample may satisfy the constraints
DETAIL not_dvd_euclid/omega omega could not prove the goal: a possible counterexample may satisfy the constraints a ≥ 1 where a := ↑P
't_not_dvd_euclid__omega' depends on axioms: [propext, sorryAx]
Auto/Baseline.lean:167:8: warning: declaration uses `sorry`
Auto/Baseline.lean:167:8: warning: The declaration 't_not_dvd_euclid__aesop' contains '__', which does not follow the mathlib naming conventions. Consider using single underscores instead.

Note: This linter can be disabled with `set_option linter.style.nameCheck false`
START not_dvd_euclid/aesop
RESULT not_dvd_euclid/aesop failed 56 goals remain: P p : ℕ
't_not_dvd_euclid__aesop' depends on axioms: [propext, sorryAx]
Auto/Baseline.lean:169:8: warning: declaration uses `sorry`
Auto/Baseline.lean:169:8: warning: The declaration 't_not_dvd_euclid__exact_' contains '__', which does not follow the mathlib naming conventions. Consider using single underscores instead.

Note: This linter can be disabled with `set_option linter.style.nameCheck false`
START not_dvd_euclid/exact?
RESULT not_dvd_euclid/exact? failed 5257 `exact?` could not close the goal. Try `apply?` to see partial suggestions.
DETAIL not_dvd_euclid/exact? `exact?` could not close the goal. Try `apply?` to see partial suggestions.
't_not_dvd_euclid__exact_' depends on axioms: [propext, sorryAx]
Auto/Baseline.lean:171:8: warning: declaration uses `sorry`
Auto/Baseline.lean:171:8: warning: The declaration 't_not_dvd_euclid__grind' contains '__', which does not follow the mathlib naming conventions. Consider using single underscores instead.

Note: This linter can be disabled with `set_option linter.style.nameCheck false`
START not_dvd_euclid/grind
RESULT not_dvd_euclid/grind failed 150 `grind` failed
DETAIL not_dvd_euclid/grind `grind` failed case grind P p : ℕ h : 1 ≤ P h_1 : Nat.Prime p h_2 : p ∣ P h_3 : p ∣ 4 * P - 1 ⊢ False [grind] Goal diagnostics [facts] Asserted facts [prop] 1 ≤ P [prop] Nat.Prime p [prop] p ∣ P [prop] p ∣ 4 * P - 1 [prop] ↑(4 * P - 1) = if -1 * ↑P + 1 ≤ 0 then 4 * ↑P + -1 else 0 [prop] p ∣ P → p ∣ 4 * P [eqc] True propositions [prop] Nat.Prime p [prop] p ∣ P [prop] p ∣ 4 * P - 1 [prop] -1 * ↑P + 
't_not_dvd_euclid__grind' depends on axioms: [propext, sorryAx]
Auto/Baseline.lean:173:8: warning: declaration uses `sorry`
Auto/Baseline.lean:173:8: warning: The declaration 't_not_dvd_euclid__grind_suggestions' contains '__', which does not follow the mathlib naming conventions. Consider using single underscores instead.

Note: This linter can be disabled with `set_option linter.style.nameCheck false`
START not_dvd_euclid/grind+suggestions
RESULT not_dvd_euclid/grind+suggestions failed 1657 `grind` failed
DETAIL not_dvd_euclid/grind+suggestions `grind` failed case grind.1.2.1.2.1.2.2.2.1.2.2.1.1.1.1.1.1.1.2.2 P p : ℕ h : 1 ≤ P h_1 : Nat.Prime p h_2 : p ∣ P h_3 : p ∣ 4 * P - 1 h_4 : ¬P = 1 h_5 : ¬P = 0 h_6 : p ≤ 10 w : ℕ h_8 : ¬∀ (k : ℕ), Nat.Prime w → w ^ k ∣ p → w ^ k ∣ 11 w_1 : ℕ h_10 : ¬∀ (k : ℕ), Nat.Prime w_1 → w_1 ^ k ∣ 11 → w_1 ^ k ∣ p w_2 : ℕ h_12 : ¬(Nat.Prime w → w ^ w_2 ∣ p → w ^ w_2 ∣ 11) w_3 : ℕ h_14 : ¬(Nat.Prime w_1 → w_1 
't_not_dvd_euclid__grind_suggestions' depends on axioms: [propext, sorryAx]
Auto/Baseline.lean:175:8: warning: declaration uses `sorry`
Auto/Baseline.lean:175:8: warning: The declaration 't_not_dvd_euclid__try_' contains '__', which does not follow the mathlib naming conventions. Consider using single underscores instead.

Note: This linter can be disabled with `set_option linter.style.nameCheck false`
START not_dvd_euclid/try?
RESULT not_dvd_euclid/try? failed 19950 Tactic `try?` failed: consider using `grind` manually, or `try? +missing` for partial proofs containing `sorry`
DETAIL not_dvd_euclid/try? Tactic `try?` failed: consider using `grind` manually, or `try? +missing` for partial proofs containing `sorry`  ⊢ ∀ (P p : ℕ), 0 < P → Nat.Prime p → p ∣ P → ¬p ∣ 4 * P - 1
't_not_dvd_euclid__try_' depends on axioms: [propext, sorryAx]
Auto/Baseline.lean:178:8: warning: declaration uses `sorry`
Auto/Baseline.lean:178:8: warning: The declaration 't_dvd_factorial__decide' contains '__', which does not follow the mathlib naming conventions. Consider using single underscores instead.

Note: This linter can be disabled with `set_option linter.style.nameCheck false`
START dvd_factorial/decide
RESULT dvd_factorial/decide failed 7 failed to synthesize
DETAIL dvd_factorial/decide failed to synthesize Decidable (∀ (p n : ℕ), 0 < p → p ≤ n → p ∣ n.factorial)  Hint: Additional diagnostic information may be available using the `set_option diagnostics true` command.
't_dvd_factorial__decide' depends on axioms: [sorryAx]
Auto/Baseline.lean:180:8: warning: declaration uses `sorry`
Auto/Baseline.lean:180:8: warning: The declaration 't_dvd_factorial__norm_num' contains '__', which does not follow the mathlib naming conventions. Consider using single underscores instead.

Note: This linter can be disabled with `set_option linter.style.nameCheck false`
START dvd_factorial/norm_num
RESULT dvd_factorial/norm_num failed 24 goals remain: ⊢ ∀ (p n : ℕ), 0 < p → p ≤ n → p ∣ n.factorial
't_dvd_factorial__norm_num' depends on axioms: [sorryAx]
Auto/Baseline.lean:182:8: warning: declaration uses `sorry`
Auto/Baseline.lean:182:8: warning: The declaration 't_dvd_factorial__simp' contains '__', which does not follow the mathlib naming conventions. Consider using single underscores instead.

Note: This linter can be disabled with `set_option linter.style.nameCheck false`
START dvd_factorial/simp
RESULT dvd_factorial/simp failed 12 `simp` made no progress
DETAIL dvd_factorial/simp `simp` made no progress
't_dvd_factorial__simp' depends on axioms: [sorryAx]
Auto/Baseline.lean:184:8: warning: declaration uses `sorry`
Auto/Baseline.lean:184:8: warning: The declaration 't_dvd_factorial__simp_all' contains '__', which does not follow the mathlib naming conventions. Consider using single underscores instead.

Note: This linter can be disabled with `set_option linter.style.nameCheck false`
START dvd_factorial/simp_all
RESULT dvd_factorial/simp_all failed 24 simp_all made no progress
DETAIL dvd_factorial/simp_all simp_all made no progress
't_dvd_factorial__simp_all' depends on axioms: [sorryAx]
Auto/Baseline.lean:186:8: warning: declaration uses `sorry`
Auto/Baseline.lean:186:8: warning: The declaration 't_dvd_factorial__omega' contains '__', which does not follow the mathlib naming conventions. Consider using single underscores instead.

Note: This linter can be disabled with `set_option linter.style.nameCheck false`
START dvd_factorial/omega
RESULT dvd_factorial/omega failed 6 omega could not prove the goal: a possible counterexample may satisfy the constraints
DETAIL dvd_factorial/omega omega could not prove the goal: a possible counterexample may satisfy the constraints c ≥ 1 b ≥ 0 a ≥ 1 a - b ≤ 0 where a := ↑p b := ↑n c := ↑n.factorial % ↑p
't_dvd_factorial__omega' depends on axioms: [sorryAx]
Auto/Baseline.lean:188:8: warning: declaration uses `sorry`
Auto/Baseline.lean:188:8: warning: The declaration 't_dvd_factorial__aesop' contains '__', which does not follow the mathlib naming conventions. Consider using single underscores instead.

Note: This linter can be disabled with `set_option linter.style.nameCheck false`
START dvd_factorial/aesop
RESULT dvd_factorial/aesop failed 16 goals remain: p n : ℕ
't_dvd_factorial__aesop' depends on axioms: [sorryAx]
Try this:
  [apply] exact fun p n a a_1 => Nat.dvd_factorial a a_1
Auto/Baseline.lean:190:8: warning: The declaration 't_dvd_factorial__exact_' contains '__', which does not follow the mathlib naming conventions. Consider using single underscores instead.

Note: This linter can be disabled with `set_option linter.style.nameCheck false`
START dvd_factorial/exact?
RESULT dvd_factorial/exact? closed 15 24
't_dvd_factorial__exact_' depends on axioms: [propext]
Auto/Baseline.lean:192:8: warning: declaration uses `sorry`
Auto/Baseline.lean:192:8: warning: The declaration 't_dvd_factorial__grind' contains '__', which does not follow the mathlib naming conventions. Consider using single underscores instead.

Note: This linter can be disabled with `set_option linter.style.nameCheck false`
START dvd_factorial/grind
RESULT dvd_factorial/grind failed 37 `grind` failed
DETAIL dvd_factorial/grind `grind` failed case grind p n : ℕ h : 1 ≤ p h_1 : p ≤ n h_2 : ¬p ∣ n.factorial ⊢ False [grind] Goal diagnostics [facts] Asserted facts [prop] 1 ≤ p [prop] p ≤ n [prop] ¬p ∣ n.factorial [prop] ¬n.factorial = 0 [eqc] True propositions [prop] p ≤ n [prop] 1 ≤ p [eqc] False propositions [prop] p ∣ n.factorial [prop] n.factorial = 0 [ematch] E-matching patterns [thm] Set.subset_def: [@LE.le _ _ #1 #0] 
't_dvd_factorial__grind' depends on axioms: [sorryAx]
Auto/Baseline.lean:194:8: warning: The declaration 't_dvd_factorial__grind_suggestions' contains '__', which does not follow the mathlib naming conventions. Consider using single underscores instead.

Note: This linter can be disabled with `set_option linter.style.nameCheck false`
START dvd_factorial/grind+suggestions
RESULT dvd_factorial/grind+suggestions closed 786 2244
't_dvd_factorial__grind_suggestions' depends on axioms: [propext, Classical.choice, Quot.sound]
Try these:
  [apply] grind only [Nat.dvd_factorial]
  [apply] grind => instantiate only [Nat.dvd_factorial]
Auto/Baseline.lean:196:8: warning: The declaration 't_dvd_factorial__try_' contains '__', which does not follow the mathlib naming conventions. Consider using single underscores instead.

Note: This linter can be disabled with `set_option linter.style.nameCheck false`
START dvd_factorial/try?
RESULT dvd_factorial/try? closed 514 1175
't_dvd_factorial__try_' depends on axioms: [propext, Classical.choice, Quot.sound]
Auto/Baseline.lean:199:8: warning: declaration uses `sorry`
Auto/Baseline.lean:199:8: warning: The declaration 't_euclid__decide' contains '__', which does not follow the mathlib naming conventions. Consider using single underscores instead.

Note: This linter can be disabled with `set_option linter.style.nameCheck false`
START euclid/decide
RESULT euclid/decide failed 4 failed to synthesize
DETAIL euclid/decide failed to synthesize Decidable (∀ (n : ℕ), ∃ p, n < p ∧ Nat.Prime p ∧ p % 4 = 3)  Hint: Additional diagnostic information may be available using the `set_option diagnostics true` command.
't_euclid__decide' depends on axioms: [propext, sorryAx]
Auto/Baseline.lean:201:8: warning: declaration uses `sorry`
Auto/Baseline.lean:201:8: warning: The declaration 't_euclid__norm_num' contains '__', which does not follow the mathlib naming conventions. Consider using single underscores instead.

Note: This linter can be disabled with `set_option linter.style.nameCheck false`
START euclid/norm_num
RESULT euclid/norm_num failed 15 goals remain: h0 : ∀ (n : ℕ), n % 4 = 3 → ∃ p, Nat.Prime p ∧ p ∣ n ∧ p % 4 = 3
't_euclid__norm_num' depends on axioms: [propext, sorryAx]
Auto/Baseline.lean:203:8: warning: declaration uses `sorry`
Auto/Baseline.lean:203:8: warning: The declaration 't_euclid__simp' contains '__', which does not follow the mathlib naming conventions. Consider using single underscores instead.

Note: This linter can be disabled with `set_option linter.style.nameCheck false`
START euclid/simp
RESULT euclid/simp failed 9 `simp` made no progress
DETAIL euclid/simp `simp` made no progress
't_euclid__simp' depends on axioms: [propext, sorryAx]
Auto/Baseline.lean:205:8: warning: declaration uses `sorry`
Auto/Baseline.lean:205:8: warning: The declaration 't_euclid__simp_all' contains '__', which does not follow the mathlib naming conventions. Consider using single underscores instead.

Note: This linter can be disabled with `set_option linter.style.nameCheck false`
START euclid/simp_all
RESULT euclid/simp_all failed 104 simp_all made no progress
DETAIL euclid/simp_all simp_all made no progress
't_euclid__simp_all' depends on axioms: [propext, sorryAx]
Auto/Baseline.lean:207:8: warning: declaration uses `sorry`
Auto/Baseline.lean:207:8: warning: The declaration 't_euclid__omega' contains '__', which does not follow the mathlib naming conventions. Consider using single underscores instead.

Note: This linter can be disabled with `set_option linter.style.nameCheck false`
START euclid/omega
RESULT euclid/omega failed 2 omega could not prove the goal: No usable constraints found. You may need to unfold definitions so `omega` can see linear arithmetic facts about `Nat` and `Int`, which may also involve multiplication, division, and modular remainder by constants.
DETAIL euclid/omega omega could not prove the goal: No usable constraints found. You may need to unfold definitions so `omega` can see linear arithmetic facts about `Nat` and `Int`, which may also involve multiplication, division, and modular remainder by constants.
't_euclid__omega' depends on axioms: [propext, sorryAx]
Auto/Baseline.lean:209:8: warning: declaration uses `sorry`
Auto/Baseline.lean:209:8: warning: The declaration 't_euclid__aesop' contains '__', which does not follow the mathlib naming conventions. Consider using single underscores instead.

Note: This linter can be disabled with `set_option linter.style.nameCheck false`
START euclid/aesop
RESULT euclid/aesop failed 647 goals remain: h0 : ∀ (n : ℕ), n % 4 = 3 → ∃ p, Nat.Prime p ∧ p ∣ n ∧ p % 4 = 3
't_euclid__aesop' depends on axioms: [propext, sorryAx]
Auto/Baseline.lean:211:8: warning: declaration uses `sorry`
Auto/Baseline.lean:211:8: warning: The declaration 't_euclid__exact_' contains '__', which does not follow the mathlib naming conventions. Consider using single underscores instead.

Note: This linter can be disabled with `set_option linter.style.nameCheck false`
START euclid/exact?
RESULT euclid/exact? failed 2900 `exact?` could not close the goal. Try `apply?` to see partial suggestions.
DETAIL euclid/exact? `exact?` could not close the goal. Try `apply?` to see partial suggestions.
't_euclid__exact_' depends on axioms: [propext, sorryAx]
Auto/Baseline.lean:213:8: warning: declaration uses `sorry`
Auto/Baseline.lean:213:8: warning: The declaration 't_euclid__grind' contains '__', which does not follow the mathlib naming conventions. Consider using single underscores instead.

Note: This linter can be disabled with `set_option linter.style.nameCheck false`
START euclid/grind
RESULT euclid/grind failed 38 `grind` failed
DETAIL euclid/grind `grind` failed case grind h0 : ∀ (n : ℕ), n % 4 = 3 → ∃ p, Nat.Prime p ∧ p ∣ n ∧ p % 4 = 3 h1 : ∀ (P : ℕ), 0 < P → (4 * P - 1) % 4 = 3 h2 : ∀ (P p : ℕ), 0 < P → Nat.Prime p → p ∣ P → ¬p ∣ 4 * P - 1 h3 : ∀ (p n : ℕ), 0 < p → p ≤ n → p ∣ n.factorial n : ℕ h : ∀ (a : ℕ), a ≤ n ∨ ¬Nat.Prime a ∨ ¬a % 4 = 3 ⊢ False [grind] Goal diagnostics [facts] Asserted facts [prop] ∀ (n : ℕ), n % 4 = 3 → ∃ p, Nat.Pr
't_euclid__grind' depends on axioms: [propext, sorryAx]
Auto/Baseline.lean:215:8: warning: declaration uses `sorry`
Auto/Baseline.lean:215:8: warning: The declaration 't_euclid__grind_suggestions' contains '__', which does not follow the mathlib naming conventions. Consider using single underscores instead.

Note: This linter can be disabled with `set_option linter.style.nameCheck false`
START euclid/grind+suggestions
RESULT euclid/grind+suggestions failed 345 `grind` failed
DETAIL euclid/grind+suggestions `grind` failed case grind h0 : ∀ (n : ℕ), n % 4 = 3 → ∃ p, Nat.Prime p ∧ p ∣ n ∧ p % 4 = 3 h1 : ∀ (P : ℕ), 0 < P → (4 * P - 1) % 4 = 3 h2 : ∀ (P p : ℕ), 0 < P → Nat.Prime p → p ∣ P → ¬p ∣ 4 * P - 1 h3 : ∀ (p n : ℕ), 0 < p → p ≤ n → p ∣ n.factorial n : ℕ h : ∀ (a : ℕ), a ≤ n ∨ ¬Nat.Prime a ∨ ¬a % 4 = 3 ⊢ False [grind] Goal diagnostics [facts] Asserted facts [prop] ∀ (n : ℕ), n % 4 = 3 → ∃ p, Nat.Pr
't_euclid__grind_suggestions' depends on axioms: [propext, sorryAx]
Auto/Baseline.lean:217:8: warning: declaration uses `sorry`
Auto/Baseline.lean:217:8: warning: The declaration 't_euclid__try_' contains '__', which does not follow the mathlib naming conventions. Consider using single underscores instead.

Note: This linter can be disabled with `set_option linter.style.nameCheck false`
START euclid/try?
RESULT euclid/try? failed 10434 Tactic `try?` failed: consider using `grind` manually, or `try? +missing` for partial proofs containing `sorry`
DETAIL euclid/try? Tactic `try?` failed: consider using `grind` manually, or `try? +missing` for partial proofs containing `sorry`  h0 : ∀ (n : ℕ), n % 4 = 3 → ∃ p, Nat.Prime p ∧ p ∣ n ∧ p % 4 = 3 h1 : ∀ (P : ℕ), 0 < P → (4 * P - 1) % 4 = 3 h2 : ∀ (P p : ℕ), 0 < P → Nat.Prime p → p ∣ P → ¬p ∣ 4 * P - 1 h3 : ∀ (p n : ℕ), 0 < p → p ≤ n → p ∣ n.factorial ⊢ ∀ (n : ℕ), ∃ p, n < p ∧ Nat.Prime p ∧ p % 4 = 3
't_euclid__try_' depends on axioms: [propext, sorryAx]
Auto/Baseline.lean:220:8: warning: declaration uses `sorry`
Auto/Baseline.lean:220:8: warning: The declaration 't_set_form__decide' contains '__', which does not follow the mathlib naming conventions. Consider using single underscores instead.

Note: This linter can be disabled with `set_option linter.style.nameCheck false`
START set_form/decide
RESULT set_form/decide failed 1 failed to synthesize
DETAIL set_form/decide failed to synthesize Decidable {p | Nat.Prime p ∧ p % 4 = 3}.Infinite  Hint: Additional diagnostic information may be available using the `set_option diagnostics true` command.
't_set_form__decide' depends on axioms: [propext, sorryAx]
Auto/Baseline.lean:222:8: warning: declaration uses `sorry`
Auto/Baseline.lean:222:8: warning: The declaration 't_set_form__norm_num' contains '__', which does not follow the mathlib naming conventions. Consider using single underscores instead.

Note: This linter can be disabled with `set_option linter.style.nameCheck false`
START set_form/norm_num
RESULT set_form/norm_num failed 6 goals remain: h0 : ∀ (n : ℕ), ∃ p, n < p ∧ Nat.Prime p ∧ p % 4 = 3
't_set_form__norm_num' depends on axioms: [propext, sorryAx]
Auto/Baseline.lean:224:8: warning: declaration uses `sorry`
Auto/Baseline.lean:224:8: warning: The declaration 't_set_form__simp' contains '__', which does not follow the mathlib naming conventions. Consider using single underscores instead.

Note: This linter can be disabled with `set_option linter.style.nameCheck false`
START set_form/simp
RESULT set_form/simp failed 3 `simp` made no progress
DETAIL set_form/simp `simp` made no progress
't_set_form__simp' depends on axioms: [propext, sorryAx]
Auto/Baseline.lean:226:8: warning: declaration uses `sorry`
Auto/Baseline.lean:226:8: warning: The declaration 't_set_form__simp_all' contains '__', which does not follow the mathlib naming conventions. Consider using single underscores instead.

Note: This linter can be disabled with `set_option linter.style.nameCheck false`
START set_form/simp_all
RESULT set_form/simp_all failed 8 simp_all made no progress
DETAIL set_form/simp_all simp_all made no progress
't_set_form__simp_all' depends on axioms: [propext, sorryAx]
Auto/Baseline.lean:228:8: warning: declaration uses `sorry`
Auto/Baseline.lean:228:8: warning: The declaration 't_set_form__omega' contains '__', which does not follow the mathlib naming conventions. Consider using single underscores instead.

Note: This linter can be disabled with `set_option linter.style.nameCheck false`
START set_form/omega
RESULT set_form/omega failed 0 omega could not prove the goal: No usable constraints found. You may need to unfold definitions so `omega` can see linear arithmetic facts about `Nat` and `Int`, which may also involve multiplication, division, and modular remainder by constants.
DETAIL set_form/omega omega could not prove the goal: No usable constraints found. You may need to unfold definitions so `omega` can see linear arithmetic facts about `Nat` and `Int`, which may also involve multiplication, division, and modular remainder by constants.
't_set_form__omega' depends on axioms: [propext, sorryAx]
Auto/Baseline.lean:230:8: warning: declaration uses `sorry`
Auto/Baseline.lean:230:8: warning: The declaration 't_set_form__aesop' contains '__', which does not follow the mathlib naming conventions. Consider using single underscores instead.

Note: This linter can be disabled with `set_option linter.style.nameCheck false`
START set_form/aesop
RESULT set_form/aesop failed 14 Tactic `aesop` failed, made no progress
DETAIL set_form/aesop Tactic `aesop` failed, made no progress Initial goal: h0 : ∀ (n : ℕ), ∃ p, n < p ∧ Nat.Prime p ∧ p % 4 = 3 ⊢ {p | Nat.Prime p ∧ p % 4 = 3}.Infinite
't_set_form__aesop' depends on axioms: [propext, sorryAx]
Auto/Baseline.lean:232:8: warning: declaration uses `sorry`
Auto/Baseline.lean:232:8: warning: The declaration 't_set_form__exact_' contains '__', which does not follow the mathlib naming conventions. Consider using single underscores instead.

Note: This linter can be disabled with `set_option linter.style.nameCheck false`
START set_form/exact?
RESULT set_form/exact? failed 151 `exact?` could not close the goal. Try `apply?` to see partial suggestions.
DETAIL set_form/exact? `exact?` could not close the goal. Try `apply?` to see partial suggestions.
't_set_form__exact_' depends on axioms: [propext, sorryAx]
Auto/Baseline.lean:234:8: warning: declaration uses `sorry`
Auto/Baseline.lean:234:8: warning: The declaration 't_set_form__grind' contains '__', which does not follow the mathlib naming conventions. Consider using single underscores instead.

Note: This linter can be disabled with `set_option linter.style.nameCheck false`
START set_form/grind
RESULT set_form/grind failed 130 `grind` failed
DETAIL set_form/grind `grind` failed case grind.1.1.2.1.1 h0 : ∀ (n : ℕ), ∃ p, n < p ∧ Nat.Prime p ∧ p % 4 = 3 h : ¬{p | Nat.Prime p ∧ p % 4 = 3}.Infinite h_1 : (fun _a => False) = fun p => Nat.Prime p ∧ p % 4 = 3 h_2 : ¬Nat.Prime default h_3 : ¬(fun _a => False) = fun _x => True w : ℕ h_5 : True = (¬Nat.Prime w ∨ ¬w % 4 = 3) h_6 : ¬Nat.Prime w h_7 : w = default ⊢ False [grind] Goal diagnostics [facts] Asserted facts [
't_set_form__grind' depends on axioms: [propext, sorryAx]
Auto/Baseline.lean:236:8: warning: declaration uses `sorry`
Auto/Baseline.lean:236:8: warning: The declaration 't_set_form__grind_suggestions' contains '__', which does not follow the mathlib naming conventions. Consider using single underscores instead.

Note: This linter can be disabled with `set_option linter.style.nameCheck false`
START set_form/grind+suggestions
RESULT set_form/grind+suggestions failed 392 `grind` failed
DETAIL set_form/grind+suggestions `grind` failed case grind.1.1.2.1.1 h0 : ∀ (n : ℕ), ∃ p, n < p ∧ Nat.Prime p ∧ p % 4 = 3 h : ¬{p | Nat.Prime p ∧ p % 4 = 3}.Infinite w : ℕ h_2 : ∀ a ∈ {p | Nat.Prime p ∧ p % 4 = 3}, a ≤ w h_3 : (fun _a => False) = fun p => Nat.Prime p ∧ p % 4 = 3 h_4 : ¬Nat.Prime default h_5 : ¬(fun _a => False) = fun _x => True w_1 : ℕ h_7 : True = (¬Nat.Prime w_1 ∨ ¬w_1 % 4 = 3) h_8 : ¬Nat.Prime w_1 h_9 : w_1 = 
't_set_form__grind_suggestions' depends on axioms: [propext, sorryAx]
Auto/Baseline.lean:238:8: warning: declaration uses `sorry`
Auto/Baseline.lean:238:8: warning: The declaration 't_set_form__try_' contains '__', which does not follow the mathlib naming conventions. Consider using single underscores instead.

Note: This linter can be disabled with `set_option linter.style.nameCheck false`
START set_form/try?
RESULT set_form/try? failed 6220 Tactic `try?` failed: consider using `grind` manually, or `try? +missing` for partial proofs containing `sorry`
DETAIL set_form/try? Tactic `try?` failed: consider using `grind` manually, or `try? +missing` for partial proofs containing `sorry`  h0 : ∀ (n : ℕ), ∃ p, n < p ∧ Nat.Prime p ∧ p % 4 = 3 ⊢ {p | Nat.Prime p ∧ p % 4 = 3}.Infinite
't_set_form__try_' depends on axioms: [propext, sorryAx]
Auto/Baseline.lean:241:8: warning: declaration uses `sorry`
Auto/Baseline.lean:241:8: warning: The declaration 't_odd_factor_three__decide' contains '__', which does not follow the mathlib naming conventions. Consider using single underscores instead.

Note: This linter can be disabled with `set_option linter.style.nameCheck false`
START odd_factor_three/decide
RESULT odd_factor_three/decide failed 4 failed to synthesize
DETAIL odd_factor_three/decide failed to synthesize Decidable (∀ (n : ℕ), n % 2 = 1 → 1 < n → ∃ p, Nat.Prime p ∧ p ∣ n ∧ p % 4 = 3)  Hint: Additional diagnostic information may be available using the `set_option diagnostics true` command.
't_odd_factor_three__decide' depends on axioms: [propext, sorryAx]
Auto/Baseline.lean:243:8: warning: declaration uses `sorry`
Auto/Baseline.lean:243:8: warning: The declaration 't_odd_factor_three__norm_num' contains '__', which does not follow the mathlib naming conventions. Consider using single underscores instead.

Note: This linter can be disabled with `set_option linter.style.nameCheck false`
START odd_factor_three/norm_num
RESULT odd_factor_three/norm_num failed 39 goals remain: ⊢ ∀ (n : ℕ), n % 2 = 1 → 1 < n → ∃ p, Nat.Prime p ∧ p ∣ n ∧ p % 4 = 3
't_odd_factor_three__norm_num' depends on axioms: [propext, sorryAx]
Auto/Baseline.lean:245:8: warning: declaration uses `sorry`
Auto/Baseline.lean:245:8: warning: The declaration 't_odd_factor_three__simp' contains '__', which does not follow the mathlib naming conventions. Consider using single underscores instead.

Note: This linter can be disabled with `set_option linter.style.nameCheck false`
START odd_factor_three/simp
RESULT odd_factor_three/simp failed 14 `simp` made no progress
DETAIL odd_factor_three/simp `simp` made no progress
't_odd_factor_three__simp' depends on axioms: [propext, sorryAx]
Auto/Baseline.lean:247:8: warning: declaration uses `sorry`
Auto/Baseline.lean:247:8: warning: The declaration 't_odd_factor_three__simp_all' contains '__', which does not follow the mathlib naming conventions. Consider using single underscores instead.

Note: This linter can be disabled with `set_option linter.style.nameCheck false`
START odd_factor_three/simp_all
RESULT odd_factor_three/simp_all failed 15 simp_all made no progress
DETAIL odd_factor_three/simp_all simp_all made no progress
't_odd_factor_three__simp_all' depends on axioms: [propext, sorryAx]
Auto/Baseline.lean:249:8: warning: declaration uses `sorry`
Auto/Baseline.lean:249:8: warning: The declaration 't_odd_factor_three__omega' contains '__', which does not follow the mathlib naming conventions. Consider using single underscores instead.

Note: This linter can be disabled with `set_option linter.style.nameCheck false`
START odd_factor_three/omega
RESULT odd_factor_three/omega failed 4 omega could not prove the goal: a possible counterexample may satisfy the constraints
DETAIL odd_factor_three/omega omega could not prove the goal: a possible counterexample may satisfy the constraints a ≥ 1 where a := ↑n / 2
't_odd_factor_three__omega' depends on axioms: [propext, sorryAx]
Auto/Baseline.lean:251:8: warning: declaration uses `sorry`
Auto/Baseline.lean:251:8: warning: The declaration 't_odd_factor_three__aesop' contains '__', which does not follow the mathlib naming conventions. Consider using single underscores instead.

Note: This linter can be disabled with `set_option linter.style.nameCheck false`
START odd_factor_three/aesop
RESULT odd_factor_three/aesop failed 77 goals remain: n : ℕ
't_odd_factor_three__aesop' depends on axioms: [propext, sorryAx]
Auto/Baseline.lean:253:8: warning: declaration uses `sorry`
Auto/Baseline.lean:253:8: warning: The declaration 't_odd_factor_three__exact_' contains '__', which does not follow the mathlib naming conventions. Consider using single underscores instead.

Note: This linter can be disabled with `set_option linter.style.nameCheck false`
START odd_factor_three/exact?
RESULT odd_factor_three/exact? failed 1816 `exact?` could not close the goal. Try `apply?` to see partial suggestions.
DETAIL odd_factor_three/exact? `exact?` could not close the goal. Try `apply?` to see partial suggestions.
't_odd_factor_three__exact_' depends on axioms: [propext, sorryAx]
Auto/Baseline.lean:255:8: warning: declaration uses `sorry`
Auto/Baseline.lean:255:8: warning: The declaration 't_odd_factor_three__grind' contains '__', which does not follow the mathlib naming conventions. Consider using single underscores instead.

Note: This linter can be disabled with `set_option linter.style.nameCheck false`
START odd_factor_three/grind
RESULT odd_factor_three/grind failed 90 `grind` failed
DETAIL odd_factor_three/grind `grind` failed case grind n : ℕ h : n % 2 = 1 h_1 : 2 ≤ n h_2 : ∀ (a : ℕ), Nat.Prime a → a ∣ n → ¬a % 4 = 3 ⊢ False [grind] Goal diagnostics [facts] Asserted facts [prop] n % 2 = 1 [prop] ↑n % 2 + -1 ≤ 0 [prop] -1 * (↑n % 2) ≤ 0 [prop] -1 * ↑n + 2 * (↑n / 2) + ↑n % 2 = 0 [prop] 2 ≤ n [prop] ∀ (a : ℕ), Nat.Prime a → a ∣ n → ¬a % 4 = 3 [prop] ↑(n % 2) = ↑n [eqc] True propositions [prop] ↑n % 2 + -1 
't_odd_factor_three__grind' depends on axioms: [propext, sorryAx]
START odd_factor_three/grind+suggestions
Auto/Baseline.lean:258:14: error(lean.unknownIdentifier): Unknown constant `t_odd_factor_three__grind_suggestions`
START odd_factor_three/try?
Auto/Baseline.lean:260:14: error(lean.unknownIdentifier): Unknown constant `t_odd_factor_three__try_`
Auto/Baseline.lean:262:8: warning: declaration uses `sorry`
Auto/Baseline.lean:262:8: warning: The declaration 't_euclid_mod_four_any__decide' contains '__', which does not follow the mathlib naming conventions. Consider using single underscores instead.

Note: This linter can be disabled with `set_option linter.style.nameCheck false`
START euclid_mod_four_any/decide
RESULT euclid_mod_four_any/decide failed 9 failed to synthesize
DETAIL euclid_mod_four_any/decide failed to synthesize Decidable (∀ (P : ℕ), (4 * P - 1) % 4 = 3)  Hint: Additional diagnostic information may be available using the `set_option diagnostics true` command.
't_euclid_mod_four_any__decide' depends on axioms: [sorryAx]
Auto/Baseline.lean:264:8: warning: declaration uses `sorry`
Auto/Baseline.lean:264:8: warning: The declaration 't_euclid_mod_four_any__norm_num' contains '__', which does not follow the mathlib naming conventions. Consider using single underscores instead.

Note: This linter can be disabled with `set_option linter.style.nameCheck false`
START euclid_mod_four_any/norm_num
RESULT euclid_mod_four_any/norm_num failed 136 goals remain: ⊢ ∀ (P : ℕ), (4 * P - 1) % 4 = 3
't_euclid_mod_four_any__norm_num' depends on axioms: [sorryAx]
Auto/Baseline.lean:266:8: warning: declaration uses `sorry`
Auto/Baseline.lean:266:8: warning: The declaration 't_euclid_mod_four_any__simp' contains '__', which does not follow the mathlib naming conventions. Consider using single underscores instead.

Note: This linter can be disabled with `set_option linter.style.nameCheck false`
START euclid_mod_four_any/simp
RESULT euclid_mod_four_any/simp failed 10 `simp` made no progress
DETAIL euclid_mod_four_any/simp `simp` made no progress
't_euclid_mod_four_any__simp' depends on axioms: [sorryAx]
Auto/Baseline.lean:268:8: warning: declaration uses `sorry`
Auto/Baseline.lean:268:8: warning: The declaration 't_euclid_mod_four_any__simp_all' contains '__', which does not follow the mathlib naming conventions. Consider using single underscores instead.

Note: This linter can be disabled with `set_option linter.style.nameCheck false`
START euclid_mod_four_any/simp_all
RESULT euclid_mod_four_any/simp_all failed 8 simp_all made no progress
DETAIL euclid_mod_four_any/simp_all simp_all made no progress
't_euclid_mod_four_any__simp_all' depends on axioms: [sorryAx]
Auto/Baseline.lean:270:8: warning: declaration uses `sorry`
Auto/Baseline.lean:270:8: warning: The declaration 't_euclid_mod_four_any__omega' contains '__', which does not follow the mathlib naming conventions. Consider using single underscores instead.

Note: This linter can be disabled with `set_option linter.style.nameCheck false`
START euclid_mod_four_any/omega
RESULT euclid_mod_four_any/omega failed 15 omega could not prove the goal: No usable constraints found. You may need to unfold definitions so `omega` can see linear arithmetic facts about `Nat` and `Int`, which may also involve multiplication, division, and modular remainder by constants.
DETAIL euclid_mod_four_any/omega omega could not prove the goal: No usable constraints found. You may need to unfold definitions so `omega` can see linear arithmetic facts about `Nat` and `Int`, which may also involve multiplication, division, and modular remainder by constants.
't_euclid_mod_four_any__omega' depends on axioms: [sorryAx]
Auto/Baseline.lean:272:8: warning: declaration uses `sorry`
Auto/Baseline.lean:272:8: warning: The declaration 't_euclid_mod_four_any__aesop' contains '__', which does not follow the mathlib naming conventions. Consider using single underscores instead.

Note: This linter can be disabled with `set_option linter.style.nameCheck false`
START euclid_mod_four_any/aesop
RESULT euclid_mod_four_any/aesop failed 116 goals remain: P : ℕ
't_euclid_mod_four_any__aesop' depends on axioms: [sorryAx]
Auto/Baseline.lean:274:8: warning: declaration uses `sorry`
Auto/Baseline.lean:274:8: warning: The declaration 't_euclid_mod_four_any__exact_' contains '__', which does not follow the mathlib naming conventions. Consider using single underscores instead.

Note: This linter can be disabled with `set_option linter.style.nameCheck false`
START euclid_mod_four_any/exact?
RESULT euclid_mod_four_any/exact? failed 1017 `exact?` could not close the goal. Try `apply?` to see partial suggestions.
DETAIL euclid_mod_four_any/exact? `exact?` could not close the goal. Try `apply?` to see partial suggestions.
't_euclid_mod_four_any__exact_' depends on axioms: [sorryAx]
Auto/Baseline.lean:276:8: warning: declaration uses `sorry`
Auto/Baseline.lean:276:8: warning: The declaration 't_euclid_mod_four_any__grind' contains '__', which does not follow the mathlib naming conventions. Consider using single underscores instead.

Note: This linter can be disabled with `set_option linter.style.nameCheck false`
START euclid_mod_four_any/grind
RESULT euclid_mod_four_any/grind failed 171 `grind` failed
DETAIL euclid_mod_four_any/grind `grind` failed case grind.2 P : ℕ h : ¬(4 * P - 1) % 4 = 3 h_1 : ¬-1 * ↑P + 1 ≤ 0 ⊢ False [grind] Goal diagnostics [facts] Asserted facts [prop] ¬(4 * P - 1) % 4 = 3 [prop] ↑(4 * P - 1) % 4 + -3 ≤ 0 [prop] -1 * (↑(4 * P - 1) % 4) ≤ 0 [prop] -1 * ↑(4 * P - 1) + 4 * (↑(4 * P - 1) / 4) + ↑(4 * P - 1) % 4 = 0 [prop] ↑(4 * P - 1) = if -1 * ↑P + 1 ≤ 0 then 4 * ↑P + -1 else 0 [prop] ↑((4 * P - 1) % 4) = 
't_euclid_mod_four_any__grind' depends on axioms: [sorryAx]
Auto/Baseline.lean:278:8: warning: declaration uses `sorry`
Auto/Baseline.lean:278:8: warning: The declaration 't_euclid_mod_four_any__grind_suggestions' contains '__', which does not follow the mathlib naming conventions. Consider using single underscores instead.

Note: This linter can be disabled with `set_option linter.style.nameCheck false`
START euclid_mod_four_any/grind+suggestions
RESULT euclid_mod_four_any/grind+suggestions failed 3275 `grind` failed
DETAIL euclid_mod_four_any/grind+suggestions `grind` failed case grind.2 P : ℕ h : ¬(4 * P - 1) % 4 = 3 h_1 : ¬-1 * ↑P + 1 ≤ 0 ⊢ False [grind] Goal diagnostics [facts] Asserted facts [prop] ¬(4 * P - 1) % 4 = 3 [prop] ↑(4 * P - 1) % 4 + -3 ≤ 0 [prop] -1 * (↑(4 * P - 1) % 4) ≤ 0 [prop] -1 * ↑(4 * P - 1) + 4 * (↑(4 * P - 1) / 4) + ↑(4 * P - 1) % 4 = 0 [prop] ↑(4 * P - 1) = if -1 * ↑P + 1 ≤ 0 then 4 * ↑P + -1 else 0 [prop] ↑(4 * P - 1) % 4 = (↑
't_euclid_mod_four_any__grind_suggestions' depends on axioms: [sorryAx]
START euclid_mod_four_any/try?
Auto/Baseline.lean:281:14: error(lean.unknownIdentifier): Unknown constant `t_euclid_mod_four_any__try_`
Auto/Baseline.lean:283:8: warning: declaration uses `sorry`
Auto/Baseline.lean:283:8: warning: The declaration 't_even_three_mod_four__decide' contains '__', which does not follow the mathlib naming conventions. Consider using single underscores instead.

Note: This linter can be disabled with `set_option linter.style.nameCheck false`
START even_three_mod_four/decide
RESULT even_three_mod_four/decide failed 50 failed to synthesize
DETAIL even_three_mod_four/decide failed to synthesize Decidable (∀ (n : ℕ), n % 4 = 3 → n % 2 = 0 → ∃ p, Nat.Prime p ∧ p ∣ n ∧ p % 4 = 1)  Hint: Additional diagnostic information may be available using the `set_option diagnostics true` command.
't_even_three_mod_four__decide' depends on axioms: [propext, sorryAx]
Auto/Baseline.lean:285:8: warning: declaration uses `sorry`
Auto/Baseline.lean:285:8: warning: The declaration 't_even_three_mod_four__norm_num' contains '__', which does not follow the mathlib naming conventions. Consider using single underscores instead.

Note: This linter can be disabled with `set_option linter.style.nameCheck false`
START even_three_mod_four/norm_num
RESULT even_three_mod_four/norm_num failed 216 goals remain: ⊢ ∀ (n : ℕ), n % 4 = 3 → n % 2 = 0 → ∃ p, Nat.Prime p ∧ p ∣ n ∧ p % 4 = 1
't_even_three_mod_four__norm_num' depends on axioms: [propext, sorryAx]
Auto/Baseline.lean:287:8: warning: declaration uses `sorry`
Auto/Baseline.lean:287:8: warning: The declaration 't_even_three_mod_four__simp' contains '__', which does not follow the mathlib naming conventions. Consider using single underscores instead.

Note: This linter can be disabled with `set_option linter.style.nameCheck false`
START even_three_mod_four/simp
RESULT even_three_mod_four/simp failed 18 `simp` made no progress
DETAIL even_three_mod_four/simp `simp` made no progress
't_even_three_mod_four__simp' depends on axioms: [propext, sorryAx]
Auto/Baseline.lean:289:8: warning: declaration uses `sorry`
Auto/Baseline.lean:289:8: warning: The declaration 't_even_three_mod_four__simp_all' contains '__', which does not follow the mathlib naming conventions. Consider using single underscores instead.

Note: This linter can be disabled with `set_option linter.style.nameCheck false`
START even_three_mod_four/simp_all
RESULT even_three_mod_four/simp_all failed 21 simp_all made no progress
DETAIL even_three_mod_four/simp_all simp_all made no progress
't_even_three_mod_four__simp_all' depends on axioms: [propext, sorryAx]
Auto/Baseline.lean:291:8: warning: The declaration 't_even_three_mod_four__omega' contains '__', which does not follow the mathlib naming conventions. Consider using single underscores instead.

Note: This linter can be disabled with `set_option linter.style.nameCheck false`
START even_three_mod_four/omega
RESULT even_three_mod_four/omega closed 66 259
't_even_three_mod_four__omega' depends on axioms: [propext, Classical.choice, Quot.sound]
Auto/Baseline.lean:293:8: warning: declaration uses `sorry`
Auto/Baseline.lean:293:8: warning: The declaration 't_even_three_mod_four__aesop' contains '__', which does not follow the mathlib naming conventions. Consider using single underscores instead.

Note: This linter can be disabled with `set_option linter.style.nameCheck false`
START even_three_mod_four/aesop
RESULT even_three_mod_four/aesop failed 495 goals remain: n : ℕ
't_even_three_mod_four__aesop' depends on axioms: [propext, sorryAx]
Auto/Baseline.lean:295:8: warning: declaration uses `sorry`
Auto/Baseline.lean:295:8: warning: The declaration 't_even_three_mod_four__exact_' contains '__', which does not follow the mathlib naming conventions. Consider using single underscores instead.

Note: This linter can be disabled with `set_option linter.style.nameCheck false`
START even_three_mod_four/exact?
RESULT even_three_mod_four/exact? failed 3885 `exact?` could not close the goal. Try `apply?` to see partial suggestions.
DETAIL even_three_mod_four/exact? `exact?` could not close the goal. Try `apply?` to see partial suggestions.
't_even_three_mod_four__exact_' depends on axioms: [propext, sorryAx]
Auto/Baseline.lean:297:8: warning: The declaration 't_even_three_mod_four__grind' contains '__', which does not follow the mathlib naming conventions. Consider using single underscores instead.

Note: This linter can be disabled with `set_option linter.style.nameCheck false`
START even_three_mod_four/grind
RESULT even_three_mod_four/grind closed 258 215
't_even_three_mod_four__grind' depends on axioms: [propext, Classical.choice, Quot.sound]
Auto/Baseline.lean:299:8: warning: The declaration 't_even_three_mod_four__grind_suggestions' contains '__', which does not follow the mathlib naming conventions. Consider using single underscores instead.

Note: This linter can be disabled with `set_option linter.style.nameCheck false`
START even_three_mod_four/grind+suggestions
RESULT even_three_mod_four/grind+suggestions closed 641 1902
't_even_three_mod_four__grind_suggestions' depends on axioms: [propext, Classical.choice, Quot.sound]
Try these:
  [apply] grind
  [apply] grind only
Auto/Baseline.lean:301:8: warning: The declaration 't_even_three_mod_four__try_' contains '__', which does not follow the mathlib naming conventions. Consider using single underscores instead.

Note: This linter can be disabled with `set_option linter.style.nameCheck false`
START even_three_mod_four/try?
RESULT even_three_mod_four/try? closed 1523 3879
't_even_three_mod_four__try_' depends on axioms: [propext, Classical.choice, Quot.sound]
