✖ [8935/8945] Building Proofs.PrimeModFour (171s)
trace: .> LEAN_PATH=scratchpad/lean/blueprint/.lake/packages/Cli/.lake/build/lib/lean:scratchpad/lean/blueprint/.lake/packages/batteries/.lake/build/lib/lean:scratchpad/lean/blueprint/.lake/packages/Qq/.lake/build/lib/lean:scratchpad/lean/blueprint/.lake/packages/aesop/.lake/build/lib/lean:scratchpad/lean/blueprint/.lake/packages/proofwidgets/.lake/build/lib/lean:scratchpad/lean/blueprint/.lake/packages/importGraph/.lake/build/lib/lean:scratchpad/lean/blueprint/.lake/packages/LeanSearchClient/.lake/build/lib/lean:scratchpad/lean/blueprint/.lake/packages/plausible/.lake/build/lib/lean:scratchpad/lean/blueprint/.lake/packages/LeanArchitect/.lake/build/lib/lean:scratchpad/lean/blueprint/.lake/packages/mathlib/.lake/build/lib/lean:scratchpad/lean/blueprint/.lake/build/lib/lean ~/.elan/toolchains/leanprover--lean4---v4.34.1/bin/lean scratchpad/lean/blueprint/Proofs/PrimeModFour.lean -o scratchpad/lean/blueprint/.lake/build/lib/lean/Proofs/PrimeModFour.olean -i scratchpad/lean/blueprint/.lake/build/lib/lean/Proofs/PrimeModFour.ilean -c scratchpad/lean/blueprint/.lake/build/ir/Proofs/PrimeModFour.c --setup scratchpad/lean/blueprint/.lake/build/ir/Proofs/PrimeModFour.setup.json --json
error: Lean exited with code 143
✖ [8936/8945] Building Proofs.MulOneModFour (171s)
trace: .> LEAN_PATH=scratchpad/lean/blueprint/.lake/packages/Cli/.lake/build/lib/lean:scratchpad/lean/blueprint/.lake/packages/batteries/.lake/build/lib/lean:scratchpad/lean/blueprint/.lake/packages/Qq/.lake/build/lib/lean:scratchpad/lean/blueprint/.lake/packages/aesop/.lake/build/lib/lean:scratchpad/lean/blueprint/.lake/packages/proofwidgets/.lake/build/lib/lean:scratchpad/lean/blueprint/.lake/packages/importGraph/.lake/build/lib/lean:scratchpad/lean/blueprint/.lake/packages/LeanSearchClient/.lake/build/lib/lean:scratchpad/lean/blueprint/.lake/packages/plausible/.lake/build/lib/lean:scratchpad/lean/blueprint/.lake/packages/LeanArchitect/.lake/build/lib/lean:scratchpad/lean/blueprint/.lake/packages/mathlib/.lake/build/lib/lean:scratchpad/lean/blueprint/.lake/build/lib/lean ~/.elan/toolchains/leanprover--lean4---v4.34.1/bin/lean scratchpad/lean/blueprint/Proofs/MulOneModFour.lean -o scratchpad/lean/blueprint/.lake/build/lib/lean/Proofs/MulOneModFour.olean -i scratchpad/lean/blueprint/.lake/build/lib/lean/Proofs/MulOneModFour.ilean -c scratchpad/lean/blueprint/.lake/build/ir/Proofs/MulOneModFour.c --setup scratchpad/lean/blueprint/.lake/build/ir/Proofs/MulOneModFour.setup.json --json
error: Lean exited with code 143
✖ [8937/8945] Building Proofs.FactorThreeModFour (171s)
trace: .> LEAN_PATH=scratchpad/lean/blueprint/.lake/packages/Cli/.lake/build/lib/lean:scratchpad/lean/blueprint/.lake/packages/batteries/.lake/build/lib/lean:scratchpad/lean/blueprint/.lake/packages/Qq/.lake/build/lib/lean:scratchpad/lean/blueprint/.lake/packages/aesop/.lake/build/lib/lean:scratchpad/lean/blueprint/.lake/packages/proofwidgets/.lake/build/lib/lean:scratchpad/lean/blueprint/.lake/packages/importGraph/.lake/build/lib/lean:scratchpad/lean/blueprint/.lake/packages/LeanSearchClient/.lake/build/lib/lean:scratchpad/lean/blueprint/.lake/packages/plausible/.lake/build/lib/lean:scratchpad/lean/blueprint/.lake/packages/LeanArchitect/.lake/build/lib/lean:scratchpad/lean/blueprint/.lake/packages/mathlib/.lake/build/lib/lean:scratchpad/lean/blueprint/.lake/build/lib/lean ~/.elan/toolchains/leanprover--lean4---v4.34.1/bin/lean scratchpad/lean/blueprint/Proofs/FactorThreeModFour.lean -o scratchpad/lean/blueprint/.lake/build/lib/lean/Proofs/FactorThreeModFour.olean -i scratchpad/lean/blueprint/.lake/build/lib/lean/Proofs/FactorThreeModFour.ilean -c scratchpad/lean/blueprint/.lake/build/ir/Proofs/FactorThreeModFour.c --setup scratchpad/lean/blueprint/.lake/build/ir/Proofs/FactorThreeModFour.setup.json --json
error: Lean exited with code 143
✖ [8938/8945] Building Proofs.EuclidModFour (171s)
trace: .> LEAN_PATH=scratchpad/lean/blueprint/.lake/packages/Cli/.lake/build/lib/lean:scratchpad/lean/blueprint/.lake/packages/batteries/.lake/build/lib/lean:scratchpad/lean/blueprint/.lake/packages/Qq/.lake/build/lib/lean:scratchpad/lean/blueprint/.lake/packages/aesop/.lake/build/lib/lean:scratchpad/lean/blueprint/.lake/packages/proofwidgets/.lake/build/lib/lean:scratchpad/lean/blueprint/.lake/packages/importGraph/.lake/build/lib/lean:scratchpad/lean/blueprint/.lake/packages/LeanSearchClient/.lake/build/lib/lean:scratchpad/lean/blueprint/.lake/packages/plausible/.lake/build/lib/lean:scratchpad/lean/blueprint/.lake/packages/LeanArchitect/.lake/build/lib/lean:scratchpad/lean/blueprint/.lake/packages/mathlib/.lake/build/lib/lean:scratchpad/lean/blueprint/.lake/build/lib/lean ~/.elan/toolchains/leanprover--lean4---v4.34.1/bin/lean scratchpad/lean/blueprint/Proofs/EuclidModFour.lean -o scratchpad/lean/blueprint/.lake/build/lib/lean/Proofs/EuclidModFour.olean -i scratchpad/lean/blueprint/.lake/build/lib/lean/Proofs/EuclidModFour.ilean -c scratchpad/lean/blueprint/.lake/build/ir/Proofs/EuclidModFour.c --setup scratchpad/lean/blueprint/.lake/build/ir/Proofs/EuclidModFour.setup.json --json
error: Lean exited with code 143
✖ [8939/8945] Building Proofs.NotDvdEuclid (171s)
trace: .> LEAN_PATH=scratchpad/lean/blueprint/.lake/packages/Cli/.lake/build/lib/lean:scratchpad/lean/blueprint/.lake/packages/batteries/.lake/build/lib/lean:scratchpad/lean/blueprint/.lake/packages/Qq/.lake/build/lib/lean:scratchpad/lean/blueprint/.lake/packages/aesop/.lake/build/lib/lean:scratchpad/lean/blueprint/.lake/packages/proofwidgets/.lake/build/lib/lean:scratchpad/lean/blueprint/.lake/packages/importGraph/.lake/build/lib/lean:scratchpad/lean/blueprint/.lake/packages/LeanSearchClient/.lake/build/lib/lean:scratchpad/lean/blueprint/.lake/packages/plausible/.lake/build/lib/lean:scratchpad/lean/blueprint/.lake/packages/LeanArchitect/.lake/build/lib/lean:scratchpad/lean/blueprint/.lake/packages/mathlib/.lake/build/lib/lean:scratchpad/lean/blueprint/.lake/build/lib/lean ~/.elan/toolchains/leanprover--lean4---v4.34.1/bin/lean scratchpad/lean/blueprint/Proofs/NotDvdEuclid.lean -o scratchpad/lean/blueprint/.lake/build/lib/lean/Proofs/NotDvdEuclid.olean -i scratchpad/lean/blueprint/.lake/build/lib/lean/Proofs/NotDvdEuclid.ilean -c scratchpad/lean/blueprint/.lake/build/ir/Proofs/NotDvdEuclid.c --setup scratchpad/lean/blueprint/.lake/build/ir/Proofs/NotDvdEuclid.setup.json --json
error: Lean exited with code 143
✖ [8940/8945] Building Proofs.DvdFactorial (171s)
trace: .> LEAN_PATH=scratchpad/lean/blueprint/.lake/packages/Cli/.lake/build/lib/lean:scratchpad/lean/blueprint/.lake/packages/batteries/.lake/build/lib/lean:scratchpad/lean/blueprint/.lake/packages/Qq/.lake/build/lib/lean:scratchpad/lean/blueprint/.lake/packages/aesop/.lake/build/lib/lean:scratchpad/lean/blueprint/.lake/packages/proofwidgets/.lake/build/lib/lean:scratchpad/lean/blueprint/.lake/packages/importGraph/.lake/build/lib/lean:scratchpad/lean/blueprint/.lake/packages/LeanSearchClient/.lake/build/lib/lean:scratchpad/lean/blueprint/.lake/packages/plausible/.lake/build/lib/lean:scratchpad/lean/blueprint/.lake/packages/LeanArchitect/.lake/build/lib/lean:scratchpad/lean/blueprint/.lake/packages/mathlib/.lake/build/lib/lean:scratchpad/lean/blueprint/.lake/build/lib/lean ~/.elan/toolchains/leanprover--lean4---v4.34.1/bin/lean scratchpad/lean/blueprint/Proofs/DvdFactorial.lean -o scratchpad/lean/blueprint/.lake/build/lib/lean/Proofs/DvdFactorial.olean -i scratchpad/lean/blueprint/.lake/build/lib/lean/Proofs/DvdFactorial.ilean -c scratchpad/lean/blueprint/.lake/build/ir/Proofs/DvdFactorial.c --setup scratchpad/lean/blueprint/.lake/build/ir/Proofs/DvdFactorial.setup.json --json
error: Lean exited with code 143
✖ [8941/8945] Building Proofs.Euclid (171s)
trace: .> LEAN_PATH=scratchpad/lean/blueprint/.lake/packages/Cli/.lake/build/lib/lean:scratchpad/lean/blueprint/.lake/packages/batteries/.lake/build/lib/lean:scratchpad/lean/blueprint/.lake/packages/Qq/.lake/build/lib/lean:scratchpad/lean/blueprint/.lake/packages/aesop/.lake/build/lib/lean:scratchpad/lean/blueprint/.lake/packages/proofwidgets/.lake/build/lib/lean:scratchpad/lean/blueprint/.lake/packages/importGraph/.lake/build/lib/lean:scratchpad/lean/blueprint/.lake/packages/LeanSearchClient/.lake/build/lib/lean:scratchpad/lean/blueprint/.lake/packages/plausible/.lake/build/lib/lean:scratchpad/lean/blueprint/.lake/packages/LeanArchitect/.lake/build/lib/lean:scratchpad/lean/blueprint/.lake/packages/mathlib/.lake/build/lib/lean:scratchpad/lean/blueprint/.lake/build/lib/lean ~/.elan/toolchains/leanprover--lean4---v4.34.1/bin/lean scratchpad/lean/blueprint/Proofs/Euclid.lean -o scratchpad/lean/blueprint/.lake/build/lib/lean/Proofs/Euclid.olean -i scratchpad/lean/blueprint/.lake/build/lib/lean/Proofs/Euclid.ilean -c scratchpad/lean/blueprint/.lake/build/ir/Proofs/Euclid.c --setup scratchpad/lean/blueprint/.lake/build/ir/Proofs/Euclid.setup.json --json
error: Lean exited with code 143
✖ [8942/8945] Building Proofs.SetForm (171s)
trace: .> LEAN_PATH=scratchpad/lean/blueprint/.lake/packages/Cli/.lake/build/lib/lean:scratchpad/lean/blueprint/.lake/packages/batteries/.lake/build/lib/lean:scratchpad/lean/blueprint/.lake/packages/Qq/.lake/build/lib/lean:scratchpad/lean/blueprint/.lake/packages/aesop/.lake/build/lib/lean:scratchpad/lean/blueprint/.lake/packages/proofwidgets/.lake/build/lib/lean:scratchpad/lean/blueprint/.lake/packages/importGraph/.lake/build/lib/lean:scratchpad/lean/blueprint/.lake/packages/LeanSearchClient/.lake/build/lib/lean:scratchpad/lean/blueprint/.lake/packages/plausible/.lake/build/lib/lean:scratchpad/lean/blueprint/.lake/packages/LeanArchitect/.lake/build/lib/lean:scratchpad/lean/blueprint/.lake/packages/mathlib/.lake/build/lib/lean:scratchpad/lean/blueprint/.lake/build/lib/lean ~/.elan/toolchains/leanprover--lean4---v4.34.1/bin/lean scratchpad/lean/blueprint/Proofs/SetForm.lean -o scratchpad/lean/blueprint/.lake/build/lib/lean/Proofs/SetForm.olean -i scratchpad/lean/blueprint/.lake/build/lib/lean/Proofs/SetForm.ilean -c scratchpad/lean/blueprint/.lake/build/ir/Proofs/SetForm.c --setup scratchpad/lean/blueprint/.lake/build/ir/Proofs/SetForm.setup.json --json
error: Lean exited with code 143
Some required targets logged failures:
- Proofs.PrimeModFour
- Proofs.MulOneModFour
- Proofs.FactorThreeModFour
- Proofs.EuclidModFour
- Proofs.NotDvdEuclid
- Proofs.DvdFactorial
- Proofs.Euclid
- Proofs.SetForm
error: build failed
real 413.92
user 24.41
sys 169.16
