01:52:17
BlueprintAll.lean:123:2: warning: `push_neg` has been deprecated. Prefer using `push Not` instead.
If you'd rather continue using `push_neg` in your project, you can implement it as follows:
```
open Lean.Parser.Tactic in
macro "push_neg" cfg:optConfig loc:(location)? : tactic =>
  `(tactic| push $cfg:optConfig Not $[$loc]?)
```
LaTeX of node prime_mod_four:
\begin{theorem}[Odd primes mod 4]
\label{prime_mod_four}
\lean{prime_mod_four}
% at scratchpad/lean/blueprint/BlueprintAll.lean:44.0-48.9
\leanok
A prime $p \neq 2$ satisfies $p \equiv 1$ or $p \equiv 3 \pmod 4$.
\end{theorem}
\begin{proof}
\leanok
\end{proof}
LaTeX of node mul_one_mod_four:
\begin{theorem}
\label{mul_one_mod_four}
\lean{mul_one_mod_four}
% at scratchpad/lean/blueprint/BlueprintAll.lean:52.0-54.44
\leanok
If $a \equiv 1 \pmod 4$ then $ab \equiv b \pmod 4$.
\end{theorem}
\begin{proof}
\leanok
\end{proof}
LaTeX of node factor_three_mod_four:
\begin{theorem}[Key lemma]
\uses{prime_mod_four,mul_one_mod_four}
\label{factor_three_mod_four}
\lean{factor_three_mod_four}
% at scratchpad/lean/blueprint/BlueprintAll.lean:58.0-88.34
\leanok
Every $n \equiv 3 \pmod 4$ has a prime factor $p \equiv 3 \pmod 4$.
\end{theorem}
\begin{proof}
\leanok
\end{proof}
LaTeX of node euclid_mod_four:
\begin{theorem}
\label{euclid_mod_four}
\lean{euclid_mod_four}
% at scratchpad/lean/blueprint/BlueprintAll.lean:92.0-94.7
\leanok
For $P > 0$, $4P - 1 \equiv 3 \pmod 4$ (in $\mathbb{N}$, $4 \cdot 0 - 1 = 0$).
\end{theorem}
\begin{proof}
\leanok
\end{proof}
LaTeX of node not_dvd_euclid:
\begin{theorem}
\label{not_dvd_euclid}
\lean{not_dvd_euclid}
% at scratchpad/lean/blueprint/BlueprintAll.lean:98.0-104.41
\leanok
For $P > 0$, a prime $p \mid P$ does not divide $4P - 1$.
\end{theorem}
\begin{proof}
\leanok
\end{proof}
LaTeX of node dvd_factorial:
\begin{theorem}
\label{dvd_factorial}
\lean{dvd_factorial}
% at scratchpad/lean/blueprint/BlueprintAll.lean:108.0-110.32
\leanok
Every $p$ with $0 < p \le n$ divides $n!$.
\end{theorem}
\begin{proof}
\leanok
\end{proof}
LaTeX of node euclid:
\begin{theorem}[Euclid's argument]
\uses{euclid_mod_four,not_dvd_euclid,dvd_factorial,factor_three_mod_four}
\label{euclid}
\lean{euclid}
% at scratchpad/lean/blueprint/BlueprintAll.lean:114.0-124.47
\leanok
For every $n$ there is a prime $p > n$ with $p \equiv 3 \pmod 4$.
\end{theorem}
\begin{proof}
\leanok
\end{proof}
LaTeX of node set_form:
\begin{theorem}
\uses{euclid}
\label{set_form}
\lean{set_form}
% at scratchpad/lean/blueprint/BlueprintAll.lean:128.0-132.27
\leanok
The set of primes $p \equiv 3 \pmod 4$ is infinite.
\end{theorem}
\begin{proof}
\leanok
\end{proof}
LaTeX of node root:
\begin{theorem}[Infinitely many primes $\equiv 3 \pmod 4$]
\label{root}
\lean{root_set}
% at scratchpad/lean/blueprint/BlueprintAll.lean:142.0-142.46
\leanok
There are infinitely many primes congruent to $3$ mod $4$.
\end{theorem}
\begin{proof}
\uses{euclid,prime_mod_four,euclid_mod_four,not_dvd_euclid,dvd_factorial,mul_one_mod_four,set_form,factor_three_mod_four}
\leanok
\end{proof}
LaTeX of current module:
%%% This file is automatically generated by LeanArchitect. %%%

%%% Macro definitions for \inputleannode, \inputleanmodule %%%

\makeatletter

% \newleannode{name}{latex} defines a new Lean node
\providecommand{\newleannode}[2]{%
  \expandafter\gdef\csname leannode@#1\endcsname{#2}}
% \inputleannode{name} inputs a Lean node
\providecommand{\inputleannode}[1]{%
  \csname leannode@#1\endcsname}

% \newleanmodule{module}{latex} defines a new Lean module
\providecommand{\newleanmodule}[2]{%
  \expandafter\gdef\csname leanmodule@#1\endcsname{#2}}
% \inputleanmodule{module} inputs a Lean module
\providecommand{\inputleanmodule}[1]{%
  \csname leanmodule@#1\endcsname}

\makeatother

%%% Start of main content %%%

\newleannode{prime_mod_four}{\input{/prime_mod_four}}

\newleannode{mul_one_mod_four}{\input{/mul_one_mod_four}}

\newleannode{factor_three_mod_four}{\input{/factor_three_mod_four}}

\newleannode{euclid_mod_four}{\input{/euclid_mod_four}}

\newleannode{not_dvd_euclid}{\input{/not_dvd_euclid}}

\newleannode{dvd_factorial}{\input{/dvd_factorial}}

\newleannode{euclid}{\input{/euclid}}

\newleannode{set_form}{\input{/set_form}}

\newleannode{root}{\input{/root}}

\newleanmodule{BlueprintAll}{
\inputleannode{prime_mod_four}

\inputleannode{mul_one_mod_four}

\inputleannode{factor_three_mod_four}

\inputleannode{euclid_mod_four}

\inputleannode{not_dvd_euclid}

\inputleannode{dvd_factorial}

\inputleannode{euclid}

\inputleannode{set_form}

\inputleannode{root}
}
real 328.49
user 4.19
sys 33.75
exit=0
01:57:46
