=== layer (e) by hand, 2026-09-30 03:10:00
tail: tail: scratchpad/tmp/gate-work/logs/e-safeverify.MulOneModFour: No such file or directory
scratchpad/tmp/gate-work/logs/e-safeverify.PrimeModFour: No such file or directory
safeverify MulOneModFour exit=143 119s | 
safeverify PrimeModFour exit=143 119s | 
tail: scratchpad/tmp/gate-work/logs/e-comparator.PrimeModFour: No such file or directory
comparator PrimeModFour exit=143 119s | 
scratchpad/tmp/layer-e.sh: line 9: scratchpad/tmp/gate-work/logs/e-comparator.MulOneModFour: No such file or directory
tail: scratchpad/tmp/gate-work/logs/e-comparator.MulOneModFour: No such file or directory
comparator MulOneModFour exit=1 0s | 
scratchpad/tmp/layer-e.sh: line 9: scratchpad/tmp/gate-work/logs/e-safeverify.FactorThreeModFour: No such file or directory
tail: scratchpad/tmp/gate-work/logs/e-safeverify.FactorThreeModFour: No such file or directory
safeverify FactorThreeModFour exit=1 0s | 
scratchpad/tmp/layer-e.sh: line 9: scratchpad/tmp/gate-work/logs/e-comparator.FactorThreeModFour: No such file or directory
tail: scratchpad/tmp/gate-work/logs/e-comparator.FactorThreeModFour: No such file or directory
comparator FactorThreeModFour exit=1 0s | 
scratchpad/tmp/layer-e.sh: line 9: scratchpad/tmp/gate-work/logs/e-safeverify.EuclidModFour: No such file or directory
tail: scratchpad/tmp/gate-work/logs/e-safeverify.EuclidModFour: No such file or directory
safeverify EuclidModFour exit=1 0s | 
scratchpad/tmp/layer-e.sh: line 9: scratchpad/tmp/gate-work/logs/e-comparator.EuclidModFour: No such file or directory
tail: scratchpad/tmp/gate-work/logs/e-comparator.EuclidModFour: No such file or directory
comparator EuclidModFour exit=1 0s | 
scratchpad/tmp/layer-e.sh: line 9: scratchpad/tmp/gate-work/logs/e-safeverify.NotDvdEuclid: No such file or directory
tail: scratchpad/tmp/gate-work/logs/e-safeverify.NotDvdEuclid: No such file or directory
safeverify NotDvdEuclid exit=1 0s | 
scratchpad/tmp/layer-e.sh: line 9: scratchpad/tmp/gate-work/logs/e-comparator.NotDvdEuclid: No such file or directory
tail: scratchpad/tmp/gate-work/logs/e-comparator.NotDvdEuclid: No such file or directory
comparator NotDvdEuclid exit=1 0s | 
scratchpad/tmp/layer-e.sh: line 9: scratchpad/tmp/gate-work/logs/e-safeverify.DvdFactorial: No such file or directory
tail: scratchpad/tmp/gate-work/logs/e-safeverify.DvdFactorial: No such file or directory
safeverify DvdFactorial exit=1 0s | 
scratchpad/tmp/layer-e.sh: line 9: scratchpad/tmp/gate-work/logs/e-comparator.DvdFactorial: No such file or directory
tail: scratchpad/tmp/gate-work/logs/e-comparator.DvdFactorial: No such file or directory
comparator DvdFactorial exit=1 0s | 
scratchpad/tmp/layer-e.sh: line 9: scratchpad/tmp/gate-work/logs/e-safeverify.Euclid: No such file or directory
tail: scratchpad/tmp/gate-work/logs/e-safeverify.Euclid: No such file or directory
safeverify Euclid exit=1 0s | 
scratchpad/tmp/layer-e.sh: line 9: scratchpad/tmp/gate-work/logs/e-comparator.Euclid: No such file or directory
tail: scratchpad/tmp/gate-work/logs/e-comparator.Euclid: No such file or directory
comparator Euclid exit=1 0s | 
scratchpad/tmp/layer-e.sh: line 9: scratchpad/tmp/gate-work/logs/e-safeverify.SetForm: No such file or directory
tail: scratchpad/tmp/gate-work/logs/e-safeverify.SetForm: No such file or directory
safeverify SetForm exit=1 0s | 
scratchpad/tmp/layer-e.sh: line 9: scratchpad/tmp/gate-work/logs/e-comparator.SetForm: No such file or directory
tail: scratchpad/tmp/gate-work/logs/e-comparator.SetForm: No such file or directory
comparator SetForm exit=1 0s | 
scratchpad/tmp/layer-e.sh: line 9: scratchpad/tmp/gate-work/logs/e-safeverify.Root: No such file or directory
tail: scratchpad/tmp/gate-work/logs/e-safeverify.Root: No such file or directory
safeverify Root exit=1 0s | 
scratchpad/tmp/layer-e.sh: line 9: scratchpad/tmp/gate-work/logs/e-comparator.Root: No such file or directory
tail: scratchpad/tmp/gate-work/logs/e-comparator.Root: No such file or directory
comparator Root exit=1 0s | 
=== done 03:11:59
