scratchpad/lean/hammers/Bench/Hammers.lean:10:8: warning: declaration uses `sorry`
scratchpad/lean/hammers/Bench/Hammers.lean:10:8: warning: The declaration 't_root__duper' contains '__', which does not follow the mathlib naming conventions. Consider using single underscores instead.

Note: This linter can be disabled with `set_option linter.style.nameCheck false`
START root/duper
RESULT root/duper failed 105 Duper failed to solve the goal and determined that it will be unable to do so with the current configuration of options and selection of premises
DETAIL root/duper Duper failed to solve the goal and determined that it will be unable to do so with the current configuration of options and selection of premises
't_root__duper' depends on axioms: [propext, sorryAx]
scratchpad/lean/hammers/Bench/Hammers.lean:12:8: warning: declaration uses `sorry`
scratchpad/lean/hammers/Bench/Hammers.lean:12:8: warning: The declaration 't_root__canonical' contains '__', which does not follow the mathlib naming conventions. Consider using single underscores instead.

Note: This linter can be disabled with `set_option linter.style.nameCheck false`
START root/canonical
RESULT root/canonical failed 55214 No proof found. Supply constant symbols with `canonical [name, ...]`
DETAIL root/canonical No proof found. Supply constant symbols with `canonical [name, ...]`
't_root__canonical' depends on axioms: [propext, sorryAx]
scratchpad/lean/hammers/Bench/Hammers.lean:15:8: warning: declaration uses `sorry`
scratchpad/lean/hammers/Bench/Hammers.lean:15:8: warning: The declaration 't_root_set__duper' contains '__', which does not follow the mathlib naming conventions. Consider using single underscores instead.

Note: This linter can be disabled with `set_option linter.style.nameCheck false`
START root_set/duper
RESULT root_set/duper failed 102 Duper failed to solve the goal and determined that it will be unable to do so with the current configuration of options and selection of premises
DETAIL root_set/duper Duper failed to solve the goal and determined that it will be unable to do so with the current configuration of options and selection of premises
't_root_set__duper' depends on axioms: [propext, sorryAx]
scratchpad/lean/hammers/Bench/Hammers.lean:17:8: warning: declaration uses `sorry`
scratchpad/lean/hammers/Bench/Hammers.lean:17:8: warning: The declaration 't_root_set__canonical' contains '__', which does not follow the mathlib naming conventions. Consider using single underscores instead.

Note: This linter can be disabled with `set_option linter.style.nameCheck false`
START root_set/canonical
RESULT root_set/canonical failed 55458 No proof found. Supply constant symbols with `canonical [name, ...]`
DETAIL root_set/canonical No proof found. Supply constant symbols with `canonical [name, ...]`
't_root_set__canonical' depends on axioms: [propext, sorryAx]
scratchpad/lean/hammers/Bench/Hammers.lean:20:8: warning: declaration uses `sorry`
scratchpad/lean/hammers/Bench/Hammers.lean:20:8: warning: The declaration 't_prime_mod_four__duper' contains '__', which does not follow the mathlib naming conventions. Consider using single underscores instead.

Note: This linter can be disabled with `set_option linter.style.nameCheck false`
START prime_mod_four/duper
RESULT prime_mod_four/duper failed 141 Duper failed to solve the goal and determined that it will be unable to do so with the current configuration of options and selection of premises
DETAIL prime_mod_four/duper Duper failed to solve the goal and determined that it will be unable to do so with the current configuration of options and selection of premises
't_prime_mod_four__duper' depends on axioms: [propext, sorryAx]
scratchpad/lean/hammers/Bench/Hammers.lean:22:8: warning: declaration uses `sorry`
scratchpad/lean/hammers/Bench/Hammers.lean:22:8: warning: The declaration 't_prime_mod_four__canonical' contains '__', which does not follow the mathlib naming conventions. Consider using single underscores instead.

Note: This linter can be disabled with `set_option linter.style.nameCheck false`
START prime_mod_four/canonical
RESULT prime_mod_four/canonical failed 55526 No proof found. Supply constant symbols with `canonical [name, ...]`
DETAIL prime_mod_four/canonical No proof found. Supply constant symbols with `canonical [name, ...]`
't_prime_mod_four__canonical' depends on axioms: [propext, sorryAx]
scratchpad/lean/hammers/Bench/Hammers.lean:25:8: warning: declaration uses `sorry`
scratchpad/lean/hammers/Bench/Hammers.lean:25:8: warning: The declaration 't_mul_one_mod_four__duper' contains '__', which does not follow the mathlib naming conventions. Consider using single underscores instead.

Note: This linter can be disabled with `set_option linter.style.nameCheck false`
START mul_one_mod_four/duper
RESULT mul_one_mod_four/duper failed 38 Duper failed to solve the goal and determined that it will be unable to do so with the current configuration of options and selection of premises
DETAIL mul_one_mod_four/duper Duper failed to solve the goal and determined that it will be unable to do so with the current configuration of options and selection of premises
't_mul_one_mod_four__duper' depends on axioms: [sorryAx]
scratchpad/lean/hammers/Bench/Hammers.lean:27:8: warning: declaration uses `sorry`
scratchpad/lean/hammers/Bench/Hammers.lean:27:8: warning: The declaration 't_mul_one_mod_four__canonical' contains '__', which does not follow the mathlib naming conventions. Consider using single underscores instead.

Note: This linter can be disabled with `set_option linter.style.nameCheck false`
START mul_one_mod_four/canonical
RESULT mul_one_mod_four/canonical failed 55525 No proof found. Supply constant symbols with `canonical [name, ...]`
DETAIL mul_one_mod_four/canonical No proof found. Supply constant symbols with `canonical [name, ...]`
't_mul_one_mod_four__canonical' depends on axioms: [sorryAx]
scratchpad/lean/hammers/Bench/Hammers.lean:30:8: warning: declaration uses `sorry`
scratchpad/lean/hammers/Bench/Hammers.lean:30:8: warning: The declaration 't_factor_three_mod_four__duper' contains '__', which does not follow the mathlib naming conventions. Consider using single underscores instead.

Note: This linter can be disabled with `set_option linter.style.nameCheck false`
START factor_three_mod_four/duper
RESULT factor_three_mod_four/duper failed 9684 Duper encountered a (deterministic) timeout. The maximum number of heartbeats 1000000 has been reached (use 'set_option maxHeartbeats <num>' to set the limit)
DETAIL factor_three_mod_four/duper Duper encountered a (deterministic) timeout. The maximum number of heartbeats 1000000 has been reached (use 'set_option maxHeartbeats <num>' to set the limit)
't_factor_three_mod_four__duper' depends on axioms: [propext, sorryAx]
scratchpad/lean/hammers/Bench/Hammers.lean:32:8: warning: declaration uses `sorry`
scratchpad/lean/hammers/Bench/Hammers.lean:32:8: warning: The declaration 't_factor_three_mod_four__canonical' contains '__', which does not follow the mathlib naming conventions. Consider using single underscores instead.

Note: This linter can be disabled with `set_option linter.style.nameCheck false`
START factor_three_mod_four/canonical
RESULT factor_three_mod_four/canonical failed 55539 No proof found. Supply constant symbols with `canonical [name, ...]`
DETAIL factor_three_mod_four/canonical No proof found. Supply constant symbols with `canonical [name, ...]`
't_factor_three_mod_four__canonical' depends on axioms: [propext, sorryAx]
scratchpad/lean/hammers/Bench/Hammers.lean:35:8: warning: declaration uses `sorry`
scratchpad/lean/hammers/Bench/Hammers.lean:35:8: warning: The declaration 't_factor_three_mod_four_bare__duper' contains '__', which does not follow the mathlib naming conventions. Consider using single underscores instead.

Note: This linter can be disabled with `set_option linter.style.nameCheck false`
START factor_three_mod_four_bare/duper
RESULT factor_three_mod_four_bare/duper failed 151 Duper failed to solve the goal and determined that it will be unable to do so with the current configuration of options and selection of premises
DETAIL factor_three_mod_four_bare/duper Duper failed to solve the goal and determined that it will be unable to do so with the current configuration of options and selection of premises
't_factor_three_mod_four_bare__duper' depends on axioms: [propext, sorryAx]
scratchpad/lean/hammers/Bench/Hammers.lean:37:8: warning: declaration uses `sorry`
scratchpad/lean/hammers/Bench/Hammers.lean:37:8: warning: The declaration 't_factor_three_mod_four_bare__canonical' contains '__', which does not follow the mathlib naming conventions. Consider using single underscores instead.

Note: This linter can be disabled with `set_option linter.style.nameCheck false`
START factor_three_mod_four_bare/canonical
RESULT factor_three_mod_four_bare/canonical failed 55549 No proof found. Supply constant symbols with `canonical [name, ...]`
DETAIL factor_three_mod_four_bare/canonical No proof found. Supply constant symbols with `canonical [name, ...]`
't_factor_three_mod_four_bare__canonical' depends on axioms: [propext, sorryAx]
scratchpad/lean/hammers/Bench/Hammers.lean:40:8: warning: declaration uses `sorry`
scratchpad/lean/hammers/Bench/Hammers.lean:40:8: warning: The declaration 't_euclid_mod_four__duper' contains '__', which does not follow the mathlib naming conventions. Consider using single underscores instead.

Note: This linter can be disabled with `set_option linter.style.nameCheck false`
START euclid_mod_four/duper
RESULT euclid_mod_four/duper failed 189 Duper failed to solve the goal and determined that it will be unable to do so with the current configuration of options and selection of premises
DETAIL euclid_mod_four/duper Duper failed to solve the goal and determined that it will be unable to do so with the current configuration of options and selection of premises
't_euclid_mod_four__duper' depends on axioms: [sorryAx]
scratchpad/lean/hammers/Bench/Hammers.lean:42:8: warning: declaration uses `sorry`
scratchpad/lean/hammers/Bench/Hammers.lean:42:8: warning: The declaration 't_euclid_mod_four__canonical' contains '__', which does not follow the mathlib naming conventions. Consider using single underscores instead.

Note: This linter can be disabled with `set_option linter.style.nameCheck false`
START euclid_mod_four/canonical
RESULT euclid_mod_four/canonical failed 55819 No proof found. Supply constant symbols with `canonical [name, ...]`
DETAIL euclid_mod_four/canonical No proof found. Supply constant symbols with `canonical [name, ...]`
't_euclid_mod_four__canonical' depends on axioms: [sorryAx]
scratchpad/lean/hammers/Bench/Hammers.lean:45:8: warning: declaration uses `sorry`
scratchpad/lean/hammers/Bench/Hammers.lean:45:8: warning: The declaration 't_not_dvd_euclid__duper' contains '__', which does not follow the mathlib naming conventions. Consider using single underscores instead.

Note: This linter can be disabled with `set_option linter.style.nameCheck false`
START not_dvd_euclid/duper
RESULT not_dvd_euclid/duper failed 135 Duper failed to solve the goal and determined that it will be unable to do so with the current configuration of options and selection of premises
DETAIL not_dvd_euclid/duper Duper failed to solve the goal and determined that it will be unable to do so with the current configuration of options and selection of premises
't_not_dvd_euclid__duper' depends on axioms: [propext, sorryAx]
scratchpad/lean/hammers/Bench/Hammers.lean:47:8: warning: declaration uses `sorry`
scratchpad/lean/hammers/Bench/Hammers.lean:47:8: warning: The declaration 't_not_dvd_euclid__canonical' contains '__', which does not follow the mathlib naming conventions. Consider using single underscores instead.

Note: This linter can be disabled with `set_option linter.style.nameCheck false`
START not_dvd_euclid/canonical
RESULT not_dvd_euclid/canonical failed 55627 No proof found. Supply constant symbols with `canonical [name, ...]`
DETAIL not_dvd_euclid/canonical No proof found. Supply constant symbols with `canonical [name, ...]`
't_not_dvd_euclid__canonical' depends on axioms: [propext, sorryAx]
scratchpad/lean/hammers/Bench/Hammers.lean:50:8: warning: declaration uses `sorry`
scratchpad/lean/hammers/Bench/Hammers.lean:50:8: warning: The declaration 't_dvd_factorial__duper' contains '__', which does not follow the mathlib naming conventions. Consider using single underscores instead.

Note: This linter can be disabled with `set_option linter.style.nameCheck false`
START dvd_factorial/duper
RESULT dvd_factorial/duper failed 280 Duper failed to solve the goal and determined that it will be unable to do so with the current configuration of options and selection of premises
DETAIL dvd_factorial/duper Duper failed to solve the goal and determined that it will be unable to do so with the current configuration of options and selection of premises
't_dvd_factorial__duper' depends on axioms: [sorryAx]
scratchpad/lean/hammers/Bench/Hammers.lean:52:8: warning: declaration uses `sorry`
scratchpad/lean/hammers/Bench/Hammers.lean:52:8: warning: The declaration 't_dvd_factorial__canonical' contains '__', which does not follow the mathlib naming conventions. Consider using single underscores instead.

Note: This linter can be disabled with `set_option linter.style.nameCheck false`
START dvd_factorial/canonical
RESULT dvd_factorial/canonical failed 55631 No proof found. Supply constant symbols with `canonical [name, ...]`
DETAIL dvd_factorial/canonical No proof found. Supply constant symbols with `canonical [name, ...]`
't_dvd_factorial__canonical' depends on axioms: [sorryAx]
scratchpad/lean/hammers/Bench/Hammers.lean:55:8: warning: declaration uses `sorry`
scratchpad/lean/hammers/Bench/Hammers.lean:55:8: warning: The declaration 't_euclid__duper' contains '__', which does not follow the mathlib naming conventions. Consider using single underscores instead.

Note: This linter can be disabled with `set_option linter.style.nameCheck false`
START euclid/duper
RESULT euclid/duper failed 344 Duper failed to solve the goal and determined that it will be unable to do so with the current configuration of options and selection of premises
DETAIL euclid/duper Duper failed to solve the goal and determined that it will be unable to do so with the current configuration of options and selection of premises
't_euclid__duper' depends on axioms: [propext, sorryAx]
scratchpad/lean/hammers/Bench/Hammers.lean:57:8: warning: declaration uses `sorry`
scratchpad/lean/hammers/Bench/Hammers.lean:57:8: warning: The declaration 't_euclid__canonical' contains '__', which does not follow the mathlib naming conventions. Consider using single underscores instead.

Note: This linter can be disabled with `set_option linter.style.nameCheck false`
START euclid/canonical
RESULT euclid/canonical failed 55485 No proof found. Supply constant symbols with `canonical [name, ...]`
DETAIL euclid/canonical No proof found. Supply constant symbols with `canonical [name, ...]`
't_euclid__canonical' depends on axioms: [propext, sorryAx]
scratchpad/lean/hammers/Bench/Hammers.lean:60:8: warning: declaration uses `sorry`
scratchpad/lean/hammers/Bench/Hammers.lean:60:8: warning: The declaration 't_set_form__duper' contains '__', which does not follow the mathlib naming conventions. Consider using single underscores instead.

Note: This linter can be disabled with `set_option linter.style.nameCheck false`
START set_form/duper
RESULT set_form/duper failed 127 Duper failed to solve the goal and determined that it will be unable to do so with the current configuration of options and selection of premises
DETAIL set_form/duper Duper failed to solve the goal and determined that it will be unable to do so with the current configuration of options and selection of premises
't_set_form__duper' depends on axioms: [propext, sorryAx]
scratchpad/lean/hammers/Bench/Hammers.lean:62:8: warning: declaration uses `sorry`
scratchpad/lean/hammers/Bench/Hammers.lean:62:8: warning: The declaration 't_set_form__canonical' contains '__', which does not follow the mathlib naming conventions. Consider using single underscores instead.

Note: This linter can be disabled with `set_option linter.style.nameCheck false`
START set_form/canonical
RESULT set_form/canonical failed 55491 No proof found. Supply constant symbols with `canonical [name, ...]`
DETAIL set_form/canonical No proof found. Supply constant symbols with `canonical [name, ...]`
't_set_form__canonical' depends on axioms: [propext, sorryAx]
scratchpad/lean/hammers/Bench/Hammers.lean:65:8: warning: declaration uses `sorry`
scratchpad/lean/hammers/Bench/Hammers.lean:65:8: warning: The declaration 't_odd_factor_three__duper' contains '__', which does not follow the mathlib naming conventions. Consider using single underscores instead.

Note: This linter can be disabled with `set_option linter.style.nameCheck false`
START odd_factor_three/duper
RESULT odd_factor_three/duper failed 215 Duper failed to solve the goal and determined that it will be unable to do so with the current configuration of options and selection of premises
DETAIL odd_factor_three/duper Duper failed to solve the goal and determined that it will be unable to do so with the current configuration of options and selection of premises
't_odd_factor_three__duper' depends on axioms: [propext, sorryAx]
scratchpad/lean/hammers/Bench/Hammers.lean:67:8: warning: declaration uses `sorry`
scratchpad/lean/hammers/Bench/Hammers.lean:67:8: warning: The declaration 't_odd_factor_three__canonical' contains '__', which does not follow the mathlib naming conventions. Consider using single underscores instead.

Note: This linter can be disabled with `set_option linter.style.nameCheck false`
START odd_factor_three/canonical
RESULT odd_factor_three/canonical failed 56085 No proof found. Supply constant symbols with `canonical [name, ...]`
DETAIL odd_factor_three/canonical No proof found. Supply constant symbols with `canonical [name, ...]`
't_odd_factor_three__canonical' depends on axioms: [propext, sorryAx]
scratchpad/lean/hammers/Bench/Hammers.lean:70:8: warning: declaration uses `sorry`
scratchpad/lean/hammers/Bench/Hammers.lean:70:8: warning: The declaration 't_euclid_mod_four_any__duper' contains '__', which does not follow the mathlib naming conventions. Consider using single underscores instead.

Note: This linter can be disabled with `set_option linter.style.nameCheck false`
START euclid_mod_four_any/duper
RESULT euclid_mod_four_any/duper failed 29 Duper failed to solve the goal and determined that it will be unable to do so with the current configuration of options and selection of premises
DETAIL euclid_mod_four_any/duper Duper failed to solve the goal and determined that it will be unable to do so with the current configuration of options and selection of premises
't_euclid_mod_four_any__duper' depends on axioms: [sorryAx]
scratchpad/lean/hammers/Bench/Hammers.lean:72:8: warning: declaration uses `sorry`
scratchpad/lean/hammers/Bench/Hammers.lean:72:8: warning: The declaration 't_euclid_mod_four_any__canonical' contains '__', which does not follow the mathlib naming conventions. Consider using single underscores instead.

Note: This linter can be disabled with `set_option linter.style.nameCheck false`
START euclid_mod_four_any/canonical
RESULT euclid_mod_four_any/canonical failed 55568 No proof found. Supply constant symbols with `canonical [name, ...]`
DETAIL euclid_mod_four_any/canonical No proof found. Supply constant symbols with `canonical [name, ...]`
't_euclid_mod_four_any__canonical' depends on axioms: [sorryAx]
scratchpad/lean/hammers/Bench/Hammers.lean:75:8: warning: declaration uses `sorry`
scratchpad/lean/hammers/Bench/Hammers.lean:75:8: warning: The declaration 't_even_three_mod_four__duper' contains '__', which does not follow the mathlib naming conventions. Consider using single underscores instead.

Note: This linter can be disabled with `set_option linter.style.nameCheck false`
START even_three_mod_four/duper
RESULT even_three_mod_four/duper failed 135 Duper failed to solve the goal and determined that it will be unable to do so with the current configuration of options and selection of premises
DETAIL even_three_mod_four/duper Duper failed to solve the goal and determined that it will be unable to do so with the current configuration of options and selection of premises
't_even_three_mod_four__duper' depends on axioms: [propext, sorryAx]
scratchpad/lean/hammers/Bench/Hammers.lean:77:8: warning: declaration uses `sorry`
scratchpad/lean/hammers/Bench/Hammers.lean:77:8: warning: The declaration 't_even_three_mod_four__canonical' contains '__', which does not follow the mathlib naming conventions. Consider using single underscores instead.

Note: This linter can be disabled with `set_option linter.style.nameCheck false`
START even_three_mod_four/canonical
RESULT even_three_mod_four/canonical failed 55550 No proof found. Supply constant symbols with `canonical [name, ...]`
DETAIL even_three_mod_four/canonical No proof found. Supply constant symbols with `canonical [name, ...]`
't_even_three_mod_four__canonical' depends on axioms: [propext, sorryAx]
