info: LeanHammer: cloning https://github.com/JOSHCLUNE/LeanHammer.git
info: LeanHammer: checking out revision '4ea7423c387e7ecbc1613c8357cc974dc17e94d2'
info: toolchain not updated; already up-to-date
info: Smt: cloning https://github.com/ufmg-smite/lean-smt.git
info: Smt: checking out revision '1fbc840e0da8b26d23cb3ac9a652635f0d4bb86b'
info: Duper: cloning https://github.com/leanprover-community/duper.git
info: Duper: checking out revision '845ba5f42dd94a547ab38eae0ea3b15b9f4ac026'
info: premise-selection: cloning https://github.com/hanwenzhu/premise-selection
info: premise-selection: checking out revision '5d24284dab7d61e3b80bfd5efc6bf2597bafe97b'
info: quote4: cloning https://github.com/leanprover-community/quote4
info: quote4: checking out revision '92c15be17b7caf78c2ad767ec40f89052d908d81'
info: cvc5: cloning https://github.com/abdoo8080/lean-cvc5.git
info: cvc5: checking out revision '7e3365990661b697ccb30e92d6912f4cc6589322'
info: auto: cloning https://github.com/leanprover-community/lean-auto.git
info: auto: checking out revision 'a66de83d4eea7f2811613d7b24ce87cf46bb3ac2'
info: mathlib: running post-update hooks
Current branch: HEAD
Using cache from origin: (some leanprover-community/mathlib4)
Decompressing 14 already-cached file(s) (8894 already decompressed)
No files to download
Decompressed 14 already-cached file(s)
Completed successfully in 5017 ms!
real 39.81
user 5.63
sys 7.18
