01:41:25
warning: building from source; failed to fetch GitHub release (run with '-v' for details)
✖ [1009/1373] Building Smt.Tactic.WHNFConfigurable (5.7s)
trace: .> LEAN_PATH=scratchpad/lean/leanhammer-try/.lake/packages/auto/.lake/build/lib/lean:scratchpad/lean/leanhammer-try/.lake/packages/cvc5/.lake/build/lib/lean:scratchpad/lean/leanhammer-try/.lake/packages/quote4/.lake/build/lib/lean:scratchpad/lean/leanhammer-try/.lake/packages/Cli/.lake/build/lib/lean:scratchpad/lean/leanhammer-try/.lake/packages/premise-selection/.lake/build/lib/lean:scratchpad/lean/leanhammer-try/.lake/packages/Duper/.lake/build/lib/lean:scratchpad/lean/leanhammer-try/.lake/packages/Smt/.lake/build/lib/lean:scratchpad/lean/leanhammer-try/.lake/packages/batteries/.lake/build/lib/lean:scratchpad/lean/leanhammer-try/.lake/packages/Qq/.lake/build/lib/lean:scratchpad/lean/leanhammer-try/.lake/packages/aesop/.lake/build/lib/lean:scratchpad/lean/leanhammer-try/.lake/packages/proofwidgets/.lake/build/lib/lean:scratchpad/lean/leanhammer-try/.lake/packages/importGraph/.lake/build/lib/lean:scratchpad/lean/leanhammer-try/.lake/packages/LeanSearchClient/.lake/build/lib/lean:scratchpad/lean/leanhammer-try/.lake/packages/plausible/.lake/build/lib/lean:scratchpad/lean/leanhammer-try/.lake/packages/LeanHammer/.lake/build/lib/lean:scratchpad/lean/leanhammer-try/.lake/packages/mathlib/.lake/build/lib/lean:scratchpad/lean/leanhammer-try/.lake/build/lib/lean ~/.elan/toolchains/leanprover--lean4---v4.34.1/bin/lean scratchpad/lean/leanhammer-try/.lake/packages/Smt/Smt/Tactic/WHNFConfigurable.lean -o scratchpad/lean/leanhammer-try/.lake/packages/Smt/.lake/build/lib/lean/Smt/Tactic/WHNFConfigurable.olean -i scratchpad/lean/leanhammer-try/.lake/packages/Smt/.lake/build/lib/lean/Smt/Tactic/WHNFConfigurable.ilean -c scratchpad/lean/leanhammer-try/.lake/packages/Smt/.lake/build/ir/Smt/Tactic/WHNFConfigurable.c --setup scratchpad/lean/leanhammer-try/.lake/packages/Smt/.lake/build/ir/Smt/Tactic/WHNFConfigurable.setup.json --json
error: Smt/Tactic/WHNFConfigurable.lean:445:46: Invalid field `canUnfold?`: The environment does not contain `Lean.Meta.Context.canUnfold?`, so it is not possible to project the field `canUnfold?` from an expression
  ctx
of type `Context`
error: Smt/Tactic/WHNFConfigurable.lean:704:49: Invalid field `canUnfold?`: The environment does not contain `Lean.Meta.Context.canUnfold?`, so it is not possible to project the field `canUnfold?` from an expression
  __do_lift✝
of type `Context`
error: Smt/Tactic/WHNFConfigurable.lean:706:2: Function expected at
  canUnfold
but this term has type
  ?m.11
Note: Expected a function because this term is being applied to the argument
  cfg
warning: PremiseSelection/Cloud.lean:35:0: visibility modifiers have no effect on unnamed initialize blocks
Some required targets logged failures:
- Smt.Tactic.WHNFConfigurable
error: build failed
real 267.12
user 781.97
sys 225.59
exit=1
01:45:52
